Archive member included to satisfy reference by file (symbol)

C:/ST/STM32CubeIDE_2.1.1/STM32CubeIDE/plugins/com.st.stm32cube.ide.mcu.externaltools.gnu-tools-for-stm32.14.3.rel1.win32_1.0.100.202602081740/tools/bin/../lib/gcc/arm-none-eabi/14.3.1/../../../../arm-none-eabi/lib/thumb/v7e-m+fp/hard\libc_nano.a(libc_a-exit.o)
                              C:/ST/STM32CubeIDE_2.1.1/STM32CubeIDE/plugins/com.st.stm32cube.ide.mcu.externaltools.gnu-tools-for-stm32.14.3.rel1.win32_1.0.100.202602081740/tools/bin/../lib/gcc/arm-none-eabi/14.3.1/../../../../arm-none-eabi/lib/thumb/v7e-m+fp/hard/crt0.o (exit)
C:/ST/STM32CubeIDE_2.1.1/STM32CubeIDE/plugins/com.st.stm32cube.ide.mcu.externaltools.gnu-tools-for-stm32.14.3.rel1.win32_1.0.100.202602081740/tools/bin/../lib/gcc/arm-none-eabi/14.3.1/../../../../arm-none-eabi/lib/thumb/v7e-m+fp/hard\libc_nano.a(libc_a-findfp.o)
                              C:/ST/STM32CubeIDE_2.1.1/STM32CubeIDE/plugins/com.st.stm32cube.ide.mcu.externaltools.gnu-tools-for-stm32.14.3.rel1.win32_1.0.100.202602081740/tools/bin/../lib/gcc/arm-none-eabi/14.3.1/../../../../arm-none-eabi/lib/thumb/v7e-m+fp/hard\libc_nano.a(libc_a-exit.o) (__stdio_exit_handler)
C:/ST/STM32CubeIDE_2.1.1/STM32CubeIDE/plugins/com.st.stm32cube.ide.mcu.externaltools.gnu-tools-for-stm32.14.3.rel1.win32_1.0.100.202602081740/tools/bin/../lib/gcc/arm-none-eabi/14.3.1/../../../../arm-none-eabi/lib/thumb/v7e-m+fp/hard\libc_nano.a(libc_a-fwalk.o)
                              C:/ST/STM32CubeIDE_2.1.1/STM32CubeIDE/plugins/com.st.stm32cube.ide.mcu.externaltools.gnu-tools-for-stm32.14.3.rel1.win32_1.0.100.202602081740/tools/bin/../lib/gcc/arm-none-eabi/14.3.1/../../../../arm-none-eabi/lib/thumb/v7e-m+fp/hard\libc_nano.a(libc_a-findfp.o) (_fwalk_sglue)
C:/ST/STM32CubeIDE_2.1.1/STM32CubeIDE/plugins/com.st.stm32cube.ide.mcu.externaltools.gnu-tools-for-stm32.14.3.rel1.win32_1.0.100.202602081740/tools/bin/../lib/gcc/arm-none-eabi/14.3.1/../../../../arm-none-eabi/lib/thumb/v7e-m+fp/hard\libc_nano.a(libc_a-printf.o)
                              ./Application/User/app_tof.o (printf)
C:/ST/STM32CubeIDE_2.1.1/STM32CubeIDE/plugins/com.st.stm32cube.ide.mcu.externaltools.gnu-tools-for-stm32.14.3.rel1.win32_1.0.100.202602081740/tools/bin/../lib/gcc/arm-none-eabi/14.3.1/../../../../arm-none-eabi/lib/thumb/v7e-m+fp/hard\libc_nano.a(libc_a-putchar.o)
                              ./Application/User/app_tof.o (putchar)
C:/ST/STM32CubeIDE_2.1.1/STM32CubeIDE/plugins/com.st.stm32cube.ide.mcu.externaltools.gnu-tools-for-stm32.14.3.rel1.win32_1.0.100.202602081740/tools/bin/../lib/gcc/arm-none-eabi/14.3.1/../../../../arm-none-eabi/lib/thumb/v7e-m+fp/hard\libc_nano.a(libc_a-puts.o)
                              ./Application/User/app_tof.o (puts)
C:/ST/STM32CubeIDE_2.1.1/STM32CubeIDE/plugins/com.st.stm32cube.ide.mcu.externaltools.gnu-tools-for-stm32.14.3.rel1.win32_1.0.100.202602081740/tools/bin/../lib/gcc/arm-none-eabi/14.3.1/../../../../arm-none-eabi/lib/thumb/v7e-m+fp/hard\libc_nano.a(libc_a-stdio.o)
                              C:/ST/STM32CubeIDE_2.1.1/STM32CubeIDE/plugins/com.st.stm32cube.ide.mcu.externaltools.gnu-tools-for-stm32.14.3.rel1.win32_1.0.100.202602081740/tools/bin/../lib/gcc/arm-none-eabi/14.3.1/../../../../arm-none-eabi/lib/thumb/v7e-m+fp/hard\libc_nano.a(libc_a-findfp.o) (__sread)
C:/ST/STM32CubeIDE_2.1.1/STM32CubeIDE/plugins/com.st.stm32cube.ide.mcu.externaltools.gnu-tools-for-stm32.14.3.rel1.win32_1.0.100.202602081740/tools/bin/../lib/gcc/arm-none-eabi/14.3.1/../../../../arm-none-eabi/lib/thumb/v7e-m+fp/hard\libc_nano.a(libc_a-wbuf.o)
                              C:/ST/STM32CubeIDE_2.1.1/STM32CubeIDE/plugins/com.st.stm32cube.ide.mcu.externaltools.gnu-tools-for-stm32.14.3.rel1.win32_1.0.100.202602081740/tools/bin/../lib/gcc/arm-none-eabi/14.3.1/../../../../arm-none-eabi/lib/thumb/v7e-m+fp/hard\libc_nano.a(libc_a-puts.o) (__swbuf_r)
C:/ST/STM32CubeIDE_2.1.1/STM32CubeIDE/plugins/com.st.stm32cube.ide.mcu.externaltools.gnu-tools-for-stm32.14.3.rel1.win32_1.0.100.202602081740/tools/bin/../lib/gcc/arm-none-eabi/14.3.1/../../../../arm-none-eabi/lib/thumb/v7e-m+fp/hard\libc_nano.a(libc_a-wsetup.o)
                              C:/ST/STM32CubeIDE_2.1.1/STM32CubeIDE/plugins/com.st.stm32cube.ide.mcu.externaltools.gnu-tools-for-stm32.14.3.rel1.win32_1.0.100.202602081740/tools/bin/../lib/gcc/arm-none-eabi/14.3.1/../../../../arm-none-eabi/lib/thumb/v7e-m+fp/hard\libc_nano.a(libc_a-puts.o) (__swsetup_r)
C:/ST/STM32CubeIDE_2.1.1/STM32CubeIDE/plugins/com.st.stm32cube.ide.mcu.externaltools.gnu-tools-for-stm32.14.3.rel1.win32_1.0.100.202602081740/tools/bin/../lib/gcc/arm-none-eabi/14.3.1/../../../../arm-none-eabi/lib/thumb/v7e-m+fp/hard\libc_nano.a(libc_a-memset.o)
                              C:/ST/STM32CubeIDE_2.1.1/STM32CubeIDE/plugins/com.st.stm32cube.ide.mcu.externaltools.gnu-tools-for-stm32.14.3.rel1.win32_1.0.100.202602081740/tools/bin/../lib/gcc/arm-none-eabi/14.3.1/../../../../arm-none-eabi/lib/thumb/v7e-m+fp/hard/crt0.o (memset)
[...]
Memory Configuration

Name             Origin             Length             Attributes
RAM              0x20000000         0x00018000         xrw
FLASH            0x08000000         0x00080000         xr
*default*        0x00000000         0xffffffff

Linker script and memory map

LOAD C:/ST/STM32CubeIDE_2.1.1/STM32CubeIDE/plugins/com.st.stm32cube.ide.mcu.externaltools.gnu-tools-for-stm32.14.3.rel1.win32_1.0.100.202602081740/tools/bin/../lib/gcc/arm-none-eabi/14.3.1/thumb/v7e-m+fp/hard/crti.o
LOAD C:/ST/STM32CubeIDE_2.1.1/STM32CubeIDE/plugins/com.st.stm32cube.ide.mcu.externaltools.gnu-tools-for-stm32.14.3.rel1.win32_1.0.100.202602081740/tools/bin/../lib/gcc/arm-none-eabi/14.3.1/thumb/v7e-m+fp/hard/crtbegin.o
LOAD C:/ST/STM32CubeIDE_2.1.1/STM32CubeIDE/plugins/com.st.stm32cube.ide.mcu.externaltools.gnu-tools-for-stm32.14.3.rel1.win32_1.0.100.202602081740/tools/bin/../lib/gcc/arm-none-eabi/14.3.1/../../../../arm-none-eabi/lib/thumb/v7e-m+fp/hard/crt0.o
LOAD ./Application/Startup/startup_stm32f401retx.o
LOAD ./Application/User/app_tof.o
LOAD ./Application/User/app_tof_pin_conf.o
LOAD ./Application/User/main.o
LOAD ./Application/User/stm32f4xx_hal_msp.o
LOAD ./Application/User/stm32f4xx_it.o
LOAD ./Application/User/stm32f4xx_nucleo.o
LOAD ./Application/User/stm32f4xx_nucleo_bus.o
LOAD ./Application/User/syscalls.o
LOAD ./Application/User/sysmem.o
LOAD ./Drivers/BSP/53L8A1/53l8a1_ranging_sensor.o
LOAD ./Drivers/BSP/Components/platform.o
LOAD ./Drivers/BSP/Components/vl53l8cx.o
LOAD ./Drivers/BSP/Components/vl53l8cx_api.o
LOAD ./Drivers/BSP/Components/vl53l8cx_plugin_detection_thresholds.o
LOAD ./Drivers/BSP/Components/vl53l8cx_plugin_motion_indicator.o
LOAD ./Drivers/BSP/Components/vl53l8cx_plugin_xtalk.o
LOAD ./Drivers/CMSIS/system_stm32f4xx.o
LOAD ./Drivers/STM32F4xx_HAL_Driver/stm32f4xx_hal.o
LOAD ./Drivers/STM32F4xx_HAL_Driver/stm32f4xx_hal_cortex.o
LOAD ./Drivers/STM32F4xx_HAL_Driver/stm32f4xx_hal_dma.o
LOAD ./Drivers/STM32F4xx_HAL_Driver/stm32f4xx_hal_dma_ex.o
LOAD ./Drivers/STM32F4xx_HAL_Driver/stm32f4xx_hal_exti.o
LOAD ./Drivers/STM32F4xx_HAL_Driver/stm32f4xx_hal_flash.o
LOAD ./Drivers/STM32F4xx_HAL_Driver/stm32f4xx_hal_flash_ex.o
LOAD ./Drivers/STM32F4xx_HAL_Driver/stm32f4xx_hal_flash_ramfunc.o
LOAD ./Drivers/STM32F4xx_HAL_Driver/stm32f4xx_hal_gpio.o
LOAD ./Drivers/STM32F4xx_HAL_Driver/stm32f4xx_hal_i2c.o
LOAD ./Drivers/STM32F4xx_HAL_Driver/stm32f4xx_hal_i2c_ex.o
LOAD ./Drivers/STM32F4xx_HAL_Driver/stm32f4xx_hal_pwr.o
LOAD ./Drivers/STM32F4xx_HAL_Driver/stm32f4xx_hal_pwr_ex.o
LOAD ./Drivers/STM32F4xx_HAL_Driver/stm32f4xx_hal_rcc.o
LOAD ./Drivers/STM32F4xx_HAL_Driver/stm32f4xx_hal_rcc_ex.o
LOAD ./Drivers/STM32F4xx_HAL_Driver/stm32f4xx_hal_tim.o
LOAD ./Drivers/STM32F4xx_HAL_Driver/stm32f4xx_hal_tim_ex.o
LOAD ./Drivers/STM32F4xx_HAL_Driver/stm32f4xx_hal_uart.o
START GROUP
LOAD C:/ST/STM32CubeIDE_2.1.1/STM32CubeIDE/plugins/com.st.stm32cube.ide.mcu.externaltools.gnu-tools-for-stm32.14.3.rel1.win32_1.0.100.202602081740/tools/bin/../lib/gcc/arm-none-eabi/14.3.1/../../../../arm-none-eabi/lib/thumb/v7e-m+fp/hard\libc_nano.a
LOAD C:/ST/STM32CubeIDE_2.1.1/STM32CubeIDE/plugins/com.st.stm32cube.ide.mcu.externaltools.gnu-tools-for-stm32.14.3.rel1.win32_1.0.100.202602081740/tools/bin/../lib/gcc/arm-none-eabi/14.3.1/../../../../arm-none-eabi/lib/thumb/v7e-m+fp/hard\libm.a
END GROUP
START GROUP
LOAD C:/ST/STM32CubeIDE_2.1.1/STM32CubeIDE/plugins/com.st.stm32cube.ide.mcu.externaltools.gnu-tools-for-stm32.14.3.rel1.win32_1.0.100.202602081740/tools/bin/../lib/gcc/arm-none-eabi/14.3.1/thumb/v7e-m+fp/hard\libgcc.a
LOAD C:/ST/STM32CubeIDE_2.1.1/STM32CubeIDE/plugins/com.st.stm32cube.ide.mcu.externaltools.gnu-tools-for-stm32.14.3.rel1.win32_1.0.100.202602081740/tools/bin/../lib/gcc/arm-none-eabi/14.3.1/../../../../arm-none-eabi/lib/thumb/v7e-m+fp/hard\libc_nano.a
END GROUP
START GROUP
LOAD C:/ST/STM32CubeIDE_2.1.1/STM32CubeIDE/plugins/com.st.stm32cube.ide.mcu.externaltools.gnu-tools-for-stm32.14.3.rel1.win32_1.0.100.202602081740/tools/bin/../lib/gcc/arm-none-eabi/14.3.1/thumb/v7e-m+fp/hard\libgcc.a
LOAD C:/ST/STM32CubeIDE_2.1.1/STM32CubeIDE/plugins/com.st.stm32cube.ide.mcu.externaltools.gnu-tools-for-stm32.14.3.rel1.win32_1.0.100.202602081740/tools/bin/../lib/gcc/arm-none-eabi/14.3.1/../../../../arm-none-eabi/lib/thumb/v7e-m+fp/hard\libc_nano.a
LOAD C:/ST/STM32CubeIDE_2.1.1/STM32CubeIDE/plugins/com.st.stm32cube.ide.mcu.externaltools.gnu-tools-for-stm32.14.3.rel1.win32_1.0.100.202602081740/tools/bin/../lib/gcc/arm-none-eabi/14.3.1/../../../../arm-none-eabi/lib/thumb/v7e-m+fp/hard\libnosys.a
END GROUP
START GROUP
LOAD C:/ST/STM32CubeIDE_2.1.1/STM32CubeIDE/plugins/com.st.stm32cube.ide.mcu.externaltools.gnu-tools-for-stm32.14.3.rel1.win32_1.0.100.202602081740/tools/bin/../lib/gcc/arm-none-eabi/14.3.1/thumb/v7e-m+fp/hard\libgcc.a
LOAD C:/ST/STM32CubeIDE_2.1.1/STM32CubeIDE/plugins/com.st.stm32cube.ide.mcu.externaltools.gnu-tools-for-stm32.14.3.rel1.win32_1.0.100.202602081740/tools/bin/../lib/gcc/arm-none-eabi/14.3.1/../../../../arm-none-eabi/lib/thumb/v7e-m+fp/hard\libc_nano.a
LOAD C:/ST/STM32CubeIDE_2.1.1/STM32CubeIDE/plugins/com.st.stm32cube.ide.mcu.externaltools.gnu-tools-for-stm32.14.3.rel1.win32_1.0.100.202602081740/tools/bin/../lib/gcc/arm-none-eabi/14.3.1/../../../../arm-none-eabi/lib/thumb/v7e-m+fp/hard\libnosys.a
END GROUP
LOAD C:/ST/STM32CubeIDE_2.1.1/STM32CubeIDE/plugins/com.st.stm32cube.ide.mcu.externaltools.gnu-tools-for-stm32.14.3.rel1.win32_1.0.100.202602081740/tools/bin/../lib/gcc/arm-none-eabi/14.3.1/thumb/v7e-m+fp/hard/crtend.o
LOAD C:/ST/STM32CubeIDE_2.1.1/STM32CubeIDE/plugins/com.st.stm32cube.ide.mcu.externaltools.gnu-tools-for-stm32.14.3.rel1.win32_1.0.100.202602081740/tools/bin/../lib/gcc/arm-none-eabi/14.3.1/thumb/v7e-m+fp/hard/crtn.o
                0x20018000                        _estack = (ORIGIN (RAM) + LENGTH (RAM))
                0x00000200                        _Min_Heap_Size = 0x200
                0x00000800                        _Min_Stack_Size = 0x800

.isr_vector     0x08000000      0x194
                0x08000000                        . = ALIGN (0x4)
 *(.isr_vector)
 .isr_vector    0x08000000      0x194 ./Application/Startup/startup_stm32f401retx.o
                0x08000000                g_pfnVectors
                0x08000194                        . = ALIGN (0x4)

.text           0x080001a0     0x944c
                0x080001a0                        . = ALIGN (0x4)
 *(.text)
 .text          0x080001a0       0x40 C:/ST/STM32CubeIDE_2.1.1/STM32CubeIDE/plugins/com.st.stm32cube.ide.mcu.externaltools.gnu-tools-for-stm32.14.3.rel1.win32_1.0.100.202602081740/tools/bin/../lib/gcc/arm-none-eabi/14.3.1/thumb/v7e-m+fp/hard/crtbegin.o
 .text          0x080001e0       0xa0 C:/ST/STM32CubeIDE_2.1.1/STM32CubeIDE/plugins/com.st.stm32cube.ide.mcu.externaltools.gnu-tools-for-stm32.14.3.rel1.win32_1.0.100.202602081740/tools/bin/../lib/gcc/arm-none-eabi/14.3.1/../../../../arm-none-eabi/lib/thumb/v7e-m+fp/hard\libc_nano.a(libc_a-memchr.o)
                0x080001e0                memchr
 .text          0x08000280       0x30 C:/ST/STM32CubeIDE_2.1.1/STM32CubeIDE/plugins/com.st.stm32cube.ide.mcu.externaltools.gnu-tools-for-stm32.14.3.rel1.win32_1.0.100.202602081740/tools/bin/../lib/gcc/arm-none-eabi/14.3.1/thumb/v7e-m+fp/hard\libgcc.a(_aeabi_uldivmod.o)
                0x08000280                __aeabi_uldivmod
 .text          0x080002b0      0x2f8 C:/ST/STM32CubeIDE_2.1.1/STM32CubeIDE/plugins/com.st.stm32cube.ide.mcu.externaltools.gnu-tools-for-stm32.14.3.rel1.win32_1.0.100.202602081740/tools/bin/../lib/gcc/arm-none-eabi/14.3.1/thumb/v7e-m+fp/hard\libgcc.a(_udivmoddi4.o)
                0x080002b0                __udivmoddi4
 .text          0x080005a8        0x4 C:/ST/STM32CubeIDE_2.1.1/STM32CubeIDE/plugins/com.st.stm32cube.ide.mcu.externaltools.gnu-tools-for-stm32.14.3.rel1.win32_1.0.100.202602081740/tools/bin/../lib/gcc/arm-none-eabi/14.3.1/thumb/v7e-m+fp/hard\libgcc.a(_dvmd_tls.o)
                0x080005a8                __aeabi_idiv0
                0x080005a8                __aeabi_ldiv0
 *(.text*)
 .text.Reset_Handler
                0x080005ac       0x50 ./Application/Startup/startup_stm32f401retx.o
                0x080005ac                Reset_Handler
 .text.Default_Handler
                0x080005fc        0x2 ./Application/Startup/startup_stm32f401retx.o
                0x080005fc                RTC_Alarm_IRQHandler
                0x080005fc                EXTI2_IRQHandler
                0x080005fc                SPI4_IRQHandler
                0x080005fc                TIM1_CC_IRQHandler
                0x080005fc                DMA2_Stream5_IRQHandler
                0x080005fc                DMA1_Stream5_IRQHandler
                0x080005fc                PVD_IRQHandler
                0x080005fc                SDIO_IRQHandler
                0x080005fc                TAMP_STAMP_IRQHandler
                0x080005fc                EXTI3_IRQHandler
                0x080005fc                TIM1_UP_TIM10_IRQHandler
                0x080005fc                I2C3_ER_IRQHandler
                0x080005fc                EXTI0_IRQHandler
                0x080005fc                I2C2_EV_IRQHandler
                0x080005fc                DMA1_Stream2_IRQHandler
                0x080005fc                FPU_IRQHandler
                0x080005fc                DMA2_Stream2_IRQHandler
                0x080005fc                SPI1_IRQHandler
                0x080005fc                TIM1_BRK_TIM9_IRQHandler
                0x080005fc                DMA2_Stream3_IRQHandler
                0x080005fc                USART6_IRQHandler
                0x080005fc                DMA2_Stream0_IRQHandler
                0x080005fc                TIM4_IRQHandler
                0x080005fc                I2C1_EV_IRQHandler
                0x080005fc                DMA1_Stream6_IRQHandler
                0x080005fc                DMA1_Stream1_IRQHandler
                0x080005fc                TIM3_IRQHandler
                0x080005fc                RCC_IRQHandler
                0x080005fc                Default_Handler
                0x080005fc                ADC_IRQHandler
                0x080005fc                DMA1_Stream7_IRQHandler
                0x080005fc                TIM5_IRQHandler
                0x080005fc                DMA2_Stream7_IRQHandler
                0x080005fc                I2C3_EV_IRQHandler
                0x080005fc                EXTI9_5_IRQHandler
                0x080005fc                RTC_WKUP_IRQHandler
                0x080005fc                SPI2_IRQHandler
                0x080005fc                DMA1_Stream0_IRQHandler
                0x080005fc                WWDG_IRQHandler
                0x080005fc                TIM2_IRQHandler
                0x080005fc                OTG_FS_WKUP_IRQHandler
                0x080005fc                TIM1_TRG_COM_TIM11_IRQHandler
                0x080005fc                EXTI1_IRQHandler
                0x080005fc                USART2_IRQHandler
                0x080005fc                I2C2_ER_IRQHandler
                0x080005fc                DMA2_Stream1_IRQHandler
                0x080005fc                FLASH_IRQHandler
                0x080005fc                DMA2_Stream4_IRQHandler
                0x080005fc                USART1_IRQHandler
                0x080005fc                OTG_FS_IRQHandler
                0x080005fc                SPI3_IRQHandler
                0x080005fc                DMA1_Stream4_IRQHandler
                0x080005fc                I2C1_ER_IRQHandler
                0x080005fc                DMA2_Stream6_IRQHandler
                0x080005fc                DMA1_Stream3_IRQHandler
 .text.MX_TOF_Init
                0x080005fe        0xc ./Application/User/app_tof.o
                0x080005fe                MX_TOF_Init
 .text.MX_TOF_Process
                0x0800060a        0xc ./Application/User/app_tof.o
                0x0800060a                MX_TOF_Process
 *fill*         0x08000616        0x2 
 .text.MX_53L8A1_SimpleRanging_Init
                0x08000618       0xa4 ./Application/User/app_tof.o
 .text.MX_53L8A1_SimpleRanging_Process
                0x080006bc      0x1d8 ./Application/User/app_tof.o
 .text.print_result
                0x08000894      0x2f4 ./Application/User/app_tof.o
 .text.toggle_resolution
                0x08000b88       0x68 ./Application/User/app_tof.o
 .text.toggle_signal_and_ambient
                0x08000bf0       0x4c ./Application/User/app_tof.o
 .text.clear_screen
                0x08000c3c       0x14 ./Application/User/app_tof.o
 .text.display_commands_banner
                0x08000c50       0x58 ./Application/User/app_tof.o
 .text.handle_cmd
                0x08000ca8       0x40 ./Application/User/app_tof.o
 .text.get_key  0x08000ce8       0x28 ./Application/User/app_tof.o
 .text.com_has_data
                0x08000d10       0x28 ./Application/User/app_tof.o
 .text.BSP_PB_Callback
                0x08000d38       0x20 ./Application/User/app_tof.o
                0x08000d38                BSP_PB_Callback
 .text.HAL_GPIO_EXTI_Callback
                0x08000d58       0x28 ./Application/User/app_tof_pin_conf.o
                0x08000d58                HAL_GPIO_EXTI_Callback
 .text.main     0x08000d80       0x34 ./Application/User/main.o
                0x08000d80                main
 .text.SystemClock_Config
                0x08000db4       0xd8 ./Application/User/main.o
                0x08000db4                SystemClock_Config
 .text.MX_TIM2_Init
                0x08000e8c       0xec ./Application/User/main.o
 .text.MX_GPIO_Init
                0x08000f78      0x12c ./Application/User/main.o
 .text.Error_Handler
                0x080010a4        0xc ./Application/User/main.o
                0x080010a4                Error_Handler
 .text.HAL_MspInit
                0x080010b0       0x50 ./Application/User/stm32f4xx_hal_msp.o
                0x080010b0                HAL_MspInit
 .text.HAL_TIM_Base_MspInit
                0x08001100       0x40 ./Application/User/stm32f4xx_hal_msp.o
                0x08001100                HAL_TIM_Base_MspInit
 .text.HAL_TIM_MspPostInit
                0x08001140       0x70 ./Application/User/stm32f4xx_hal_msp.o
                0x08001140                HAL_TIM_MspPostInit
 .text.NMI_Handler
                0x080011b0        0x8 ./Application/User/stm32f4xx_it.o
                0x080011b0                NMI_Handler
 .text.HardFault_Handler
                0x080011b8        0x8 ./Application/User/stm32f4xx_it.o
                0x080011b8                HardFault_Handler
 .text.MemManage_Handler
                0x080011c0        0x8 ./Application/User/stm32f4xx_it.o
                0x080011c0                MemManage_Handler
 .text.BusFault_Handler
                0x080011c8        0x8 ./Application/User/stm32f4xx_it.o
                0x080011c8                BusFault_Handler
 .text.UsageFault_Handler
                0x080011d0        0x8 ./Application/User/stm32f4xx_it.o
                0x080011d0                UsageFault_Handler
 .text.SVC_Handler
                0x080011d8        0xe ./Application/User/stm32f4xx_it.o
                0x080011d8                SVC_Handler
 .text.DebugMon_Handler
                0x080011e6        0xe ./Application/User/stm32f4xx_it.o
                0x080011e6                DebugMon_Handler
 .text.PendSV_Handler
                0x080011f4        0xe ./Application/User/stm32f4xx_it.o
                0x080011f4                PendSV_Handler
 .text.SysTick_Handler
                0x08001202        0xc ./Application/User/stm32f4xx_it.o
                0x08001202                SysTick_Handler
 .text.EXTI4_IRQHandler
                0x0800120e        0xe ./Application/User/stm32f4xx_it.o
                0x0800120e                EXTI4_IRQHandler
 .text.EXTI15_10_IRQHandler
                0x0800121c       0x14 ./Application/User/stm32f4xx_it.o
                0x0800121c                EXTI15_10_IRQHandler
 .text.BSP_PB_Init
                0x08001230       0xa8 ./Application/User/stm32f4xx_nucleo.o
                0x08001230                BSP_PB_Init
 .text.BUTTON_USER_EXTI_Callback
                0x080012d8        0xe ./Application/User/stm32f4xx_nucleo.o
 *fill*         0x080012e6        0x2 
 .text.BUTTON_USER_GPIO_Init
                0x080012e8       0x7c ./Application/User/stm32f4xx_nucleo.o
 .text.BSP_COM_Init
                0x08001364       0x7c ./Application/User/stm32f4xx_nucleo.o
                0x08001364                BSP_COM_Init
 .text.MX_USART2_UART_Init
                0x080013e0       0x5c ./Application/User/stm32f4xx_nucleo.o
                0x080013e0                MX_USART2_UART_Init
 .text.__io_putchar
                0x0800143c       0x38 ./Application/User/stm32f4xx_nucleo.o
                0x0800143c                __io_putchar
 .text.USART2_MspInit
                0x08001474       0x90 ./Application/User/stm32f4xx_nucleo.o
 .text.BSP_I2C1_Init
                0x08001504       0x64 ./Application/User/stm32f4xx_nucleo_bus.o
                0x08001504                BSP_I2C1_Init
 .text.BSP_I2C1_DeInit
                0x08001568       0x50 ./Application/User/stm32f4xx_nucleo_bus.o
                0x08001568                BSP_I2C1_DeInit
 .text.BSP_I2C1_WriteReg16
                0x080015b8       0x64 ./Application/User/stm32f4xx_nucleo_bus.o
                0x080015b8                BSP_I2C1_WriteReg16
 .text.BSP_I2C1_ReadReg16
                0x0800161c       0x64 ./Application/User/stm32f4xx_nucleo_bus.o
                0x0800161c                BSP_I2C1_ReadReg16
 .text.BSP_GetTick
                0x08001680        0xe ./Application/User/stm32f4xx_nucleo_bus.o
                0x08001680                BSP_GetTick
 *fill*         0x0800168e        0x2 
 .text.MX_I2C1_Init
                0x08001690       0x68 ./Application/User/stm32f4xx_nucleo_bus.o
                0x08001690                MX_I2C1_Init
 .text.I2C1_MspInit
                0x080016f8       0x94 ./Application/User/stm32f4xx_nucleo_bus.o
 .text.I2C1_MspDeInit
                0x0800178c       0x38 ./Application/User/stm32f4xx_nucleo_bus.o
 .text._read    0x080017c4       0x3a ./Application/User/syscalls.o
                0x080017c4                _read
 .text._write   0x080017fe       0x38 ./Application/User/syscalls.o
                0x080017fe                _write
 .text._close   0x08001836       0x18 ./Application/User/syscalls.o
                0x08001836                _close
 .text._fstat   0x0800184e       0x20 ./Application/User/syscalls.o
                0x0800184e                _fstat
 .text._isatty  0x0800186e       0x16 ./Application/User/syscalls.o
                0x0800186e                _isatty
 .text._lseek   0x08001884       0x1a ./Application/User/syscalls.o
                0x08001884                _lseek
 *fill*         0x0800189e        0x2 
 .text._sbrk    0x080018a0       0x6c ./Application/User/sysmem.o
                0x080018a0                _sbrk
 .text.VL53L8A1_RANGING_SENSOR_Init
                0x0800190c       0x28 ./Drivers/BSP/53L8A1/53l8a1_ranging_sensor.o
                0x0800190c                VL53L8A1_RANGING_SENSOR_Init
 .text.VL53L8A1_RANGING_SENSOR_ReadID
                0x08001934       0x50 ./Drivers/BSP/53L8A1/53l8a1_ranging_sensor.o
                0x08001934                VL53L8A1_RANGING_SENSOR_ReadID
 .text.VL53L8A1_RANGING_SENSOR_GetCapabilities
                0x08001984       0x50 ./Drivers/BSP/53L8A1/53l8a1_ranging_sensor.o
                0x08001984                VL53L8A1_RANGING_SENSOR_GetCapabilities
 .text.VL53L8A1_RANGING_SENSOR_ConfigProfile
                0x080019d4       0x50 ./Drivers/BSP/53L8A1/53l8a1_ranging_sensor.o
                0x080019d4                VL53L8A1_RANGING_SENSOR_ConfigProfile
 .text.VL53L8A1_RANGING_SENSOR_GetDistance
                0x08001a24       0x50 ./Drivers/BSP/53L8A1/53l8a1_ranging_sensor.o
                0x08001a24                VL53L8A1_RANGING_SENSOR_GetDistance
 .text.VL53L8A1_RANGING_SENSOR_Start
                0x08001a74       0x50 ./Drivers/BSP/53L8A1/53l8a1_ranging_sensor.o
                0x08001a74                VL53L8A1_RANGING_SENSOR_Start
 .text.VL53L8A1_RANGING_SENSOR_Stop
                0x08001ac4       0x4c ./Drivers/BSP/53L8A1/53l8a1_ranging_sensor.o
                0x08001ac4                VL53L8A1_RANGING_SENSOR_Stop
 .text.VL53L8CX_Probe
                0x08001b10      0x118 ./Drivers/BSP/53L8A1/53l8a1_ranging_sensor.o
 .text.VL53L8CX_RdByte
                0x08001c28       0x2a ./Drivers/BSP/Components/platform.o
                0x08001c28                VL53L8CX_RdByte
 .text.VL53L8CX_WrByte
                0x08001c52       0x2c ./Drivers/BSP/Components/platform.o
                0x08001c52                VL53L8CX_WrByte
 .text.VL53L8CX_WrMulti
                0x08001c7e       0x2e ./Drivers/BSP/Components/platform.o
                0x08001c7e                VL53L8CX_WrMulti
 .text.VL53L8CX_RdMulti
                0x08001cac       0x2e ./Drivers/BSP/Components/platform.o
                0x08001cac                VL53L8CX_RdMulti
 .text.VL53L8CX_SwapBuffer
                0x08001cda       0x6c ./Drivers/BSP/Components/platform.o
                0x08001cda                VL53L8CX_SwapBuffer
 .text.VL53L8CX_WaitMs
                0x08001d46       0x34 ./Drivers/BSP/Components/platform.o
                0x08001d46                VL53L8CX_WaitMs
 .text.VL53L8CX_RegisterBusIO
                0x08001d7a       0x90 ./Drivers/BSP/Components/vl53l8cx.o
                0x08001d7a                VL53L8CX_RegisterBusIO
 .text.VL53L8CX_Init
                0x08001e0a       0x7e ./Drivers/BSP/Components/vl53l8cx.o
                0x08001e0a                VL53L8CX_Init
 .text.VL53L8CX_DeInit
                0x08001e88       0x52 ./Drivers/BSP/Components/vl53l8cx.o
                0x08001e88                VL53L8CX_DeInit
 .text.VL53L8CX_ReadID
                0x08001eda       0xc0 ./Drivers/BSP/Components/vl53l8cx.o
                0x08001eda                VL53L8CX_ReadID
 .text.VL53L8CX_GetCapabilities
                0x08001f9a       0x48 ./Drivers/BSP/Components/vl53l8cx.o
                0x08001f9a                VL53L8CX_GetCapabilities
 *fill*         0x08001fe2        0x2 
 .text.VL53L8CX_ConfigProfile
                0x08001fe4      0x13c ./Drivers/BSP/Components/vl53l8cx.o
                0x08001fe4                VL53L8CX_ConfigProfile
 .text.VL53L8CX_ConfigROI
                0x08002120       0x1a ./Drivers/BSP/Components/vl53l8cx.o
                0x08002120                VL53L8CX_ConfigROI
 *fill*         0x0800213a        0x2 
 .text.VL53L8CX_ConfigIT
                0x0800213c      0x170 ./Drivers/BSP/Components/vl53l8cx.o
                0x0800213c                VL53L8CX_ConfigIT
 .text.VL53L8CX_GetDistance
                0x080022ac       0x74 ./Drivers/BSP/Components/vl53l8cx.o
                0x080022ac                VL53L8CX_GetDistance
 .text.VL53L8CX_Start
                0x08002320       0xbc ./Drivers/BSP/Components/vl53l8cx.o
                0x08002320                VL53L8CX_Start
 .text.VL53L8CX_Stop
                0x080023dc       0x56 ./Drivers/BSP/Components/vl53l8cx.o
                0x080023dc                VL53L8CX_Stop
 .text.VL53L8CX_SetAddress
                0x08002432       0x4e ./Drivers/BSP/Components/vl53l8cx.o
                0x08002432                VL53L8CX_SetAddress
 .text.VL53L8CX_GetAddress
                0x08002480       0x3a ./Drivers/BSP/Components/vl53l8cx.o
                0x08002480                VL53L8CX_GetAddress
 .text.VL53L8CX_SetPowerMode
                0x080024ba       0x58 ./Drivers/BSP/Components/vl53l8cx.o
                0x080024ba                VL53L8CX_SetPowerMode
 .text.VL53L8CX_GetPowerMode
                0x08002512       0x58 ./Drivers/BSP/Components/vl53l8cx.o
                0x08002512                VL53L8CX_GetPowerMode
 .text.vl53l8cx_poll_for_measurement
                0x0800256a       0x66 ./Drivers/BSP/Components/vl53l8cx.o
 .text.vl53l8cx_get_result
                0x080025d0      0x1cc ./Drivers/BSP/Components/vl53l8cx.o
 .text.vl53l8cx_map_target_status
                0x0800279c       0x3a ./Drivers/BSP/Components/vl53l8cx.o
 .text._vl53l8cx_poll_for_answer
                0x080027d6       0xa0 ./Drivers/BSP/Components/vl53l8cx_api.o
 .text._vl53l8cx_poll_for_mcu_boot
                0x08002876       0x86 ./Drivers/BSP/Components/vl53l8cx_api.o
 .text._vl53l8cx_send_offset_data
                0x080028fc      0x398 ./Drivers/BSP/Components/vl53l8cx_api.o
 .text._vl53l8cx_send_xtalk_data
                0x08002c94      0x298 ./Drivers/BSP/Components/vl53l8cx_api.o
 .text.vl53l8cx_init
                0x08002f2c      0x858 ./Drivers/BSP/Components/vl53l8cx_api.o
                0x08002f2c                vl53l8cx_init
 .text.vl53l8cx_set_i2c_address
                0x08003784       0x6c ./Drivers/BSP/Components/vl53l8cx_api.o
                0x08003784                vl53l8cx_set_i2c_address
 .text.vl53l8cx_get_power_mode
                0x080037f0       0xac ./Drivers/BSP/Components/vl53l8cx_api.o
                0x080037f0                vl53l8cx_get_power_mode
 .text.vl53l8cx_set_power_mode
                0x0800389c      0x1ba ./Drivers/BSP/Components/vl53l8cx_api.o
                0x0800389c                vl53l8cx_set_power_mode
 *fill*         0x08003a56        0x2 
 .text.vl53l8cx_start_ranging
                0x08003a58      0x32c ./Drivers/BSP/Components/vl53l8cx_api.o
                0x08003a58                vl53l8cx_start_ranging
 .text.vl53l8cx_stop_ranging
                0x08003d84      0x1a0 ./Drivers/BSP/Components/vl53l8cx_api.o
                0x08003d84                vl53l8cx_stop_ranging
 .text.vl53l8cx_check_data_ready
                0x08003f24       0xa0 ./Drivers/BSP/Components/vl53l8cx_api.o
                0x08003f24                vl53l8cx_check_data_ready
 .text.vl53l8cx_get_ranging_data
                0x08003fc4      0x410 ./Drivers/BSP/Components/vl53l8cx_api.o
                0x08003fc4                vl53l8cx_get_ranging_data
 .text.vl53l8cx_get_resolution
                0x080043d4       0x4a ./Drivers/BSP/Components/vl53l8cx_api.o
                0x080043d4                vl53l8cx_get_resolution
 .text.vl53l8cx_set_resolution
                0x0800441e      0x1a8 ./Drivers/BSP/Components/vl53l8cx_api.o
                0x0800441e                vl53l8cx_set_resolution
 .text.vl53l8cx_set_ranging_frequency_hz
                0x080045c6       0x42 ./Drivers/BSP/Components/vl53l8cx_api.o
                0x080045c6                vl53l8cx_set_ranging_frequency_hz
 .text.vl53l8cx_set_integration_time_ms
                0x08004608       0x6a ./Drivers/BSP/Components/vl53l8cx_api.o
                0x08004608                vl53l8cx_set_integration_time_ms
 .text.vl53l8cx_set_ranging_mode
                0x08004672       0xae ./Drivers/BSP/Components/vl53l8cx_api.o
                0x08004672                vl53l8cx_set_ranging_mode
 .text.vl53l8cx_dci_read_data
                0x08004720      0x114 ./Drivers/BSP/Components/vl53l8cx_api.o
                0x08004720                vl53l8cx_dci_read_data
 .text.vl53l8cx_dci_write_data
                0x08004834      0x13c ./Drivers/BSP/Components/vl53l8cx_api.o
                0x08004834                vl53l8cx_dci_write_data
 .text.vl53l8cx_dci_replace_data
                0x08004970       0x58 ./Drivers/BSP/Components/vl53l8cx_api.o
                0x08004970                vl53l8cx_dci_replace_data
 .text.vl53l8cx_set_detection_thresholds_enable
                0x080049c8       0x8c ./Drivers/BSP/Components/vl53l8cx_plugin_detection_thresholds.o
                0x080049c8                vl53l8cx_set_detection_thresholds_enable
 .text.vl53l8cx_set_detection_thresholds
                0x08004a54      0x2b0 ./Drivers/BSP/Components/vl53l8cx_plugin_detection_thresholds.o
                0x08004a54                vl53l8cx_set_detection_thresholds
 .text.SystemInit
                0x08004d04       0x24 ./Drivers/CMSIS/system_stm32f4xx.o
                0x08004d04                SystemInit
 .text.HAL_Init
                0x08004d28       0x44 ./Drivers/STM32F4xx_HAL_Driver/stm32f4xx_hal.o
                0x08004d28                HAL_Init
 .text.HAL_InitTick
                0x08004d6c       0x60 ./Drivers/STM32F4xx_HAL_Driver/stm32f4xx_hal.o
                0x08004d6c                HAL_InitTick
 .text.HAL_IncTick
                0x08004dcc       0x28 ./Drivers/STM32F4xx_HAL_Driver/stm32f4xx_hal.o
                0x08004dcc                HAL_IncTick
 .text.HAL_GetTick
                0x08004df4       0x18 ./Drivers/STM32F4xx_HAL_Driver/stm32f4xx_hal.o
                0x08004df4                HAL_GetTick
 .text.HAL_Delay
                0x08004e0c       0x48 ./Drivers/STM32F4xx_HAL_Driver/stm32f4xx_hal.o
                0x08004e0c                HAL_Delay
 .text.__NVIC_SetPriorityGrouping
                0x08004e54       0x48 ./Drivers/STM32F4xx_HAL_Driver/stm32f4xx_hal_cortex.o
 .text.__NVIC_GetPriorityGrouping
                0x08004e9c       0x1c ./Drivers/STM32F4xx_HAL_Driver/stm32f4xx_hal_cortex.o
 .text.__NVIC_EnableIRQ
                0x08004eb8       0x3c ./Drivers/STM32F4xx_HAL_Driver/stm32f4xx_hal_cortex.o
 .text.__NVIC_SetPriority
                0x08004ef4       0x54 ./Drivers/STM32F4xx_HAL_Driver/stm32f4xx_hal_cortex.o
 .text.NVIC_EncodePriority
                0x08004f48       0x66 ./Drivers/STM32F4xx_HAL_Driver/stm32f4xx_hal_cortex.o
 *fill*         0x08004fae        0x2 
 .text.SysTick_Config
                0x08004fb0       0x44 ./Drivers/STM32F4xx_HAL_Driver/stm32f4xx_hal_cortex.o
 .text.HAL_NVIC_SetPriorityGrouping
                0x08004ff4       0x16 ./Drivers/STM32F4xx_HAL_Driver/stm32f4xx_hal_cortex.o
                0x08004ff4                HAL_NVIC_SetPriorityGrouping
 .text.HAL_NVIC_SetPriority
                0x0800500a       0x38 ./Drivers/STM32F4xx_HAL_Driver/stm32f4xx_hal_cortex.o
                0x0800500a                HAL_NVIC_SetPriority
 .text.HAL_NVIC_EnableIRQ
                0x08005042       0x1c ./Drivers/STM32F4xx_HAL_Driver/stm32f4xx_hal_cortex.o
                0x08005042                HAL_NVIC_EnableIRQ
 .text.HAL_SYSTICK_Config
                0x0800505e       0x18 ./Drivers/STM32F4xx_HAL_Driver/stm32f4xx_hal_cortex.o
                0x0800505e                HAL_SYSTICK_Config
 .text.HAL_EXTI_RegisterCallback
                0x08005076       0x34 ./Drivers/STM32F4xx_HAL_Driver/stm32f4xx_hal_exti.o
                0x08005076                HAL_EXTI_RegisterCallback
 .text.HAL_EXTI_GetHandle
                0x080050aa       0x28 ./Drivers/STM32F4xx_HAL_Driver/stm32f4xx_hal_exti.o
                0x080050aa                HAL_EXTI_GetHandle
 *fill*         0x080050d2        0x2 
 .text.HAL_EXTI_IRQHandler
                0x080050d4       0x48 ./Drivers/STM32F4xx_HAL_Driver/stm32f4xx_hal_exti.o
                0x080050d4                HAL_EXTI_IRQHandler
 .text.HAL_GPIO_Init
                0x0800511c      0x308 ./Drivers/STM32F4xx_HAL_Driver/stm32f4xx_hal_gpio.o
                0x0800511c                HAL_GPIO_Init
 .text.HAL_GPIO_DeInit
                0x08005424      0x1c8 ./Drivers/STM32F4xx_HAL_Driver/stm32f4xx_hal_gpio.o
                0x08005424                HAL_GPIO_DeInit
 .text.HAL_GPIO_WritePin
                0x080055ec       0x32 ./Drivers/STM32F4xx_HAL_Driver/stm32f4xx_hal_gpio.o
                0x080055ec                HAL_GPIO_WritePin
 *fill*         0x0800561e        0x2 
 .text.HAL_GPIO_EXTI_IRQHandler
                0x08005620       0x30 ./Drivers/STM32F4xx_HAL_Driver/stm32f4xx_hal_gpio.o
                0x08005620                HAL_GPIO_EXTI_IRQHandler
 .text.HAL_I2C_Init
                0x08005650      0x288 ./Drivers/STM32F4xx_HAL_Driver/stm32f4xx_hal_i2c.o
                0x08005650                HAL_I2C_Init
 .text.HAL_I2C_DeInit
                0x080058d8       0x5e ./Drivers/STM32F4xx_HAL_Driver/stm32f4xx_hal_i2c.o
                0x080058d8                HAL_I2C_DeInit
 .text.HAL_I2C_MspInit
                0x08005936       0x14 ./Drivers/STM32F4xx_HAL_Driver/stm32f4xx_hal_i2c.o
                0x08005936                HAL_I2C_MspInit
 .text.HAL_I2C_MspDeInit
                0x0800594a       0x14 ./Drivers/STM32F4xx_HAL_Driver/stm32f4xx_hal_i2c.o
                0x0800594a                HAL_I2C_MspDeInit
 *fill*         0x0800595e        0x2 
 .text.HAL_I2C_Mem_Write
                0x08005960      0x1f4 ./Drivers/STM32F4xx_HAL_Driver/stm32f4xx_hal_i2c.o
                0x08005960                HAL_I2C_Mem_Write
 .text.HAL_I2C_Mem_Read
                0x08005b54      0x464 ./Drivers/STM32F4xx_HAL_Driver/stm32f4xx_hal_i2c.o
                0x08005b54                HAL_I2C_Mem_Read
 .text.HAL_I2C_GetState
                0x08005fb8       0x1c ./Drivers/STM32F4xx_HAL_Driver/stm32f4xx_hal_i2c.o
                0x08005fb8                HAL_I2C_GetState
 .text.HAL_I2C_GetError
                0x08005fd4       0x18 ./Drivers/STM32F4xx_HAL_Driver/stm32f4xx_hal_i2c.o
                0x08005fd4                HAL_I2C_GetError
 .text.I2C_RequestMemoryWrite
                0x08005fec      0x12c ./Drivers/STM32F4xx_HAL_Driver/stm32f4xx_hal_i2c.o
 .text.I2C_RequestMemoryRead
                0x08006118      0x1d0 ./Drivers/STM32F4xx_HAL_Driver/stm32f4xx_hal_i2c.o
 .text.I2C_WaitOnFlagUntilTimeout
                0x080062e8       0xf4 ./Drivers/STM32F4xx_HAL_Driver/stm32f4xx_hal_i2c.o
 .text.I2C_WaitOnMasterAddressFlagUntilTimeout
                0x080063dc      0x140 ./Drivers/STM32F4xx_HAL_Driver/stm32f4xx_hal_i2c.o
 .text.I2C_WaitOnTXEFlagUntilTimeout
                0x0800651c       0x90 ./Drivers/STM32F4xx_HAL_Driver/stm32f4xx_hal_i2c.o
 .text.I2C_WaitOnBTFFlagUntilTimeout
                0x080065ac       0x90 ./Drivers/STM32F4xx_HAL_Driver/stm32f4xx_hal_i2c.o
 .text.I2C_WaitOnRXNEFlagUntilTimeout
                0x0800663c       0xba ./Drivers/STM32F4xx_HAL_Driver/stm32f4xx_hal_i2c.o
 .text.I2C_IsAcknowledgeFailed
                0x080066f6       0x5e ./Drivers/STM32F4xx_HAL_Driver/stm32f4xx_hal_i2c.o
 .text.HAL_RCC_OscConfig
                0x08006754      0x4f0 ./Drivers/STM32F4xx_HAL_Driver/stm32f4xx_hal_rcc.o
                0x08006754                HAL_RCC_OscConfig
 .text.HAL_RCC_ClockConfig
                0x08006c44      0x1cc ./Drivers/STM32F4xx_HAL_Driver/stm32f4xx_hal_rcc.o
                0x08006c44                HAL_RCC_ClockConfig
 .text.HAL_RCC_GetSysClockFreq
                0x08006e10      0x20c ./Drivers/STM32F4xx_HAL_Driver/stm32f4xx_hal_rcc.o
                0x08006e10                HAL_RCC_GetSysClockFreq
 .text.HAL_RCC_GetHCLKFreq
                0x0800701c       0x18 ./Drivers/STM32F4xx_HAL_Driver/stm32f4xx_hal_rcc.o
                0x0800701c                HAL_RCC_GetHCLKFreq
 .text.HAL_RCC_GetPCLK1Freq
                0x08007034       0x28 ./Drivers/STM32F4xx_HAL_Driver/stm32f4xx_hal_rcc.o
                0x08007034                HAL_RCC_GetPCLK1Freq
 .text.HAL_RCC_GetPCLK2Freq
                0x0800705c       0x28 ./Drivers/STM32F4xx_HAL_Driver/stm32f4xx_hal_rcc.o
                0x0800705c                HAL_RCC_GetPCLK2Freq
 .text.HAL_TIM_Base_Init
                0x08007084       0x9e ./Drivers/STM32F4xx_HAL_Driver/stm32f4xx_hal_tim.o
                0x08007084                HAL_TIM_Base_Init
 .text.HAL_TIM_PWM_Init
                0x08007122       0x9e ./Drivers/STM32F4xx_HAL_Driver/stm32f4xx_hal_tim.o
                0x08007122                HAL_TIM_PWM_Init
 .text.HAL_TIM_PWM_MspInit
                0x080071c0       0x14 ./Drivers/STM32F4xx_HAL_Driver/stm32f4xx_hal_tim.o
                0x080071c0                HAL_TIM_PWM_MspInit
 .text.HAL_TIM_PWM_Start
                0x080071d4      0x160 ./Drivers/STM32F4xx_HAL_Driver/stm32f4xx_hal_tim.o
                0x080071d4                HAL_TIM_PWM_Start
 .text.HAL_TIM_PWM_ConfigChannel
                0x08007334      0x184 ./Drivers/STM32F4xx_HAL_Driver/stm32f4xx_hal_tim.o
                0x08007334                HAL_TIM_PWM_ConfigChannel
 .text.HAL_TIM_ConfigClockSource
                0x080074b8      0x18e ./Drivers/STM32F4xx_HAL_Driver/stm32f4xx_hal_tim.o
                0x080074b8                HAL_TIM_ConfigClockSource
 *fill*         0x08007646        0x2 
 .text.TIM_Base_SetConfig
                0x08007648      0x118 ./Drivers/STM32F4xx_HAL_Driver/stm32f4xx_hal_tim.o
                0x08007648                TIM_Base_SetConfig
 .text.TIM_OC1_SetConfig
                0x08007760       0xcc ./Drivers/STM32F4xx_HAL_Driver/stm32f4xx_hal_tim.o
 .text.TIM_OC2_SetConfig
                0x0800782c       0xd8 ./Drivers/STM32F4xx_HAL_Driver/stm32f4xx_hal_tim.o
                0x0800782c                TIM_OC2_SetConfig
 .text.TIM_OC3_SetConfig
                0x08007904       0xd4 ./Drivers/STM32F4xx_HAL_Driver/stm32f4xx_hal_tim.o
 .text.TIM_OC4_SetConfig
                0x080079d8       0xa0 ./Drivers/STM32F4xx_HAL_Driver/stm32f4xx_hal_tim.o
 .text.TIM_TI1_ConfigInputStage
                0x08007a78       0x5e ./Drivers/STM32F4xx_HAL_Driver/stm32f4xx_hal_tim.o
 .text.TIM_TI2_ConfigInputStage
                0x08007ad6       0x60 ./Drivers/STM32F4xx_HAL_Driver/stm32f4xx_hal_tim.o
 .text.TIM_ITRx_SetConfig
                0x08007b36       0x36 ./Drivers/STM32F4xx_HAL_Driver/stm32f4xx_hal_tim.o
 .text.TIM_ETR_SetConfig
                0x08007b6c       0x40 ./Drivers/STM32F4xx_HAL_Driver/stm32f4xx_hal_tim.o
                0x08007b6c                TIM_ETR_SetConfig
 .text.TIM_CCxChannelCmd
                0x08007bac       0x4a ./Drivers/STM32F4xx_HAL_Driver/stm32f4xx_hal_tim.o
                0x08007bac                TIM_CCxChannelCmd
 *fill*         0x08007bf6        0x2 
 .text.HAL_TIMEx_MasterConfigSynchronization
                0x08007bf8       0xdc ./Drivers/STM32F4xx_HAL_Driver/stm32f4xx_hal_tim_ex.o
                0x08007bf8                HAL_TIMEx_MasterConfigSynchronization
 .text.HAL_UART_Init
                0x08007cd4       0xa0 ./Drivers/STM32F4xx_HAL_Driver/stm32f4xx_hal_uart.o
                0x08007cd4                HAL_UART_Init
 .text.HAL_UART_MspInit
                0x08007d74       0x14 ./Drivers/STM32F4xx_HAL_Driver/stm32f4xx_hal_uart.o
                0x08007d74                HAL_UART_MspInit
 .text.HAL_UART_Transmit
                0x08007d88      0x116 ./Drivers/STM32F4xx_HAL_Driver/stm32f4xx_hal_uart.o
                0x08007d88                HAL_UART_Transmit
 .text.HAL_UART_Receive
                0x08007e9e      0x12e ./Drivers/STM32F4xx_HAL_Driver/stm32f4xx_hal_uart.o
                0x08007e9e                HAL_UART_Receive
 .text.UART_WaitOnFlagUntilTimeout
                0x08007fcc       0xb2 ./Drivers/STM32F4xx_HAL_Driver/stm32f4xx_hal_uart.o
 .text.UART_EndRxTransfer
                0x0800807e       0xc6 ./Drivers/STM32F4xx_HAL_Driver/stm32f4xx_hal_uart.o
 .text.UART_SetConfig
                0x08008144      0x4e8 ./Drivers/STM32F4xx_HAL_Driver/stm32f4xx_hal_uart.o
 .text.std      0x0800862c       0x6c C:/ST/STM32CubeIDE_2.1.1/STM32CubeIDE/plugins/com.st.stm32cube.ide.mcu.externaltools.gnu-tools-for-stm32.14.3.rel1.win32_1.0.100.202602081740/tools/bin/../lib/gcc/arm-none-eabi/14.3.1/../../../../arm-none-eabi/lib/thumb/v7e-m+fp/hard\libc_nano.a(libc_a-findfp.o)
 .text.stdio_exit_handler
                0x08008698       0x18 C:/ST/STM32CubeIDE_2.1.1/STM32CubeIDE/plugins/com.st.stm32cube.ide.mcu.externaltools.gnu-tools-for-stm32.14.3.rel1.win32_1.0.100.202602081740/tools/bin/../lib/gcc/arm-none-eabi/14.3.1/../../../../arm-none-eabi/lib/thumb/v7e-m+fp/hard\libc_nano.a(libc_a-findfp.o)
 .text.cleanup_stdio
                0x080086b0       0x40 C:/ST/STM32CubeIDE_2.1.1/STM32CubeIDE/plugins/com.st.stm32cube.ide.mcu.externaltools.gnu-tools-for-stm32.14.3.rel1.win32_1.0.100.202602081740/tools/bin/../lib/gcc/arm-none-eabi/14.3.1/../../../../arm-none-eabi/lib/thumb/v7e-m+fp/hard\libc_nano.a(libc_a-findfp.o)
 .text.global_stdio_init.part.0
                0x080086f0       0x40 C:/ST/STM32CubeIDE_2.1.1/STM32CubeIDE/plugins/com.st.stm32cube.ide.mcu.externaltools.gnu-tools-for-stm32.14.3.rel1.win32_1.0.100.202602081740/tools/bin/../lib/gcc/arm-none-eabi/14.3.1/../../../../arm-none-eabi/lib/thumb/v7e-m+fp/hard\libc_nano.a(libc_a-findfp.o)
 .text.__sfp_lock_acquire
                0x08008730        0xc C:/ST/STM32CubeIDE_2.1.1/STM32CubeIDE/plugins/com.st.stm32cube.ide.mcu.externaltools.gnu-tools-for-stm32.14.3.rel1.win32_1.0.100.202602081740/tools/bin/../lib/gcc/arm-none-eabi/14.3.1/../../../../arm-none-eabi/lib/thumb/v7e-m+fp/hard\libc_nano.a(libc_a-findfp.o)
                0x08008730                __sfp_lock_acquire
 .text.__sfp_lock_release
                0x0800873c        0xc C:/ST/STM32CubeIDE_2.1.1/STM32CubeIDE/plugins/com.st.stm32cube.ide.mcu.externaltools.gnu-tools-for-stm32.14.3.rel1.win32_1.0.100.202602081740/tools/bin/../lib/gcc/arm-none-eabi/14.3.1/../../../../arm-none-eabi/lib/thumb/v7e-m+fp/hard\libc_nano.a(libc_a-findfp.o)
                0x0800873c                __sfp_lock_release
 .text.__sinit  0x08008748       0x30 C:/ST/STM32CubeIDE_2.1.1/STM32CubeIDE/plugins/com.st.stm32cube.ide.mcu.externaltools.gnu-tools-for-stm32.14.3.rel1.win32_1.0.100.202602081740/tools/bin/../lib/gcc/arm-none-eabi/14.3.1/../../../../arm-none-eabi/lib/thumb/v7e-m+fp/hard\libc_nano.a(libc_a-findfp.o)
                0x08008748                __sinit
 .text._fwalk_sglue
                0x08008778       0x3c C:/ST/STM32CubeIDE_2.1.1/STM32CubeIDE/plugins/com.st.stm32cube.ide.mcu.externaltools.gnu-tools-for-stm32.14.3.rel1.win32_1.0.100.202602081740/tools/bin/../lib/gcc/arm-none-eabi/14.3.1/../../../../arm-none-eabi/lib/thumb/v7e-m+fp/hard\libc_nano.a(libc_a-fwalk.o)
                0x08008778                _fwalk_sglue
 .text.printf   0x080087b4       0x24 C:/ST/STM32CubeIDE_2.1.1/STM32CubeIDE/plugins/com.st.stm32cube.ide.mcu.externaltools.gnu-tools-for-stm32.14.3.rel1.win32_1.0.100.202602081740/tools/bin/../lib/gcc/arm-none-eabi/14.3.1/../../../../arm-none-eabi/lib/thumb/v7e-m+fp/hard\libc_nano.a(libc_a-printf.o)
                0x080087b4                iprintf
                0x080087b4                printf
 .text.putchar  0x080087d8       0x10 C:/ST/STM32CubeIDE_2.1.1/STM32CubeIDE/plugins/com.st.stm32cube.ide.mcu.externaltools.gnu-tools-for-stm32.14.3.rel1.win32_1.0.100.202602081740/tools/bin/../lib/gcc/arm-none-eabi/14.3.1/../../../../arm-none-eabi/lib/thumb/v7e-m+fp/hard\libc_nano.a(libc_a-putchar.o)
                0x080087d8                putchar
 .text._puts_r  0x080087e8       0xaa C:/ST/STM32CubeIDE_2.1.1/STM32CubeIDE/plugins/com.st.stm32cube.ide.mcu.externaltools.gnu-tools-for-stm32.14.3.rel1.win32_1.0.100.202602081740/tools/bin/../lib/gcc/arm-none-eabi/14.3.1/../../../../arm-none-eabi/lib/thumb/v7e-m+fp/hard\libc_nano.a(libc_a-puts.o)
                0x080087e8                _puts_r
 *fill*         0x08008892        0x2 
 .text.puts     0x08008894       0x10 C:/ST/STM32CubeIDE_2.1.1/STM32CubeIDE/plugins/com.st.stm32cube.ide.mcu.externaltools.gnu-tools-for-stm32.14.3.rel1.win32_1.0.100.202602081740/tools/bin/../lib/gcc/arm-none-eabi/14.3.1/../../../../arm-none-eabi/lib/thumb/v7e-m+fp/hard\libc_nano.a(libc_a-puts.o)
                0x08008894                puts
 .text.__sread  0x080088a4       0x22 C:/ST/STM32CubeIDE_2.1.1/STM32CubeIDE/plugins/com.st.stm32cube.ide.mcu.externaltools.gnu-tools-for-stm32.14.3.rel1.win32_1.0.100.202602081740/tools/bin/../lib/gcc/arm-none-eabi/14.3.1/../../../../arm-none-eabi/lib/thumb/v7e-m+fp/hard\libc_nano.a(libc_a-stdio.o)
                0x080088a4                __sread
 .text.__swrite
                0x080088c6       0x38 C:/ST/STM32CubeIDE_2.1.1/STM32CubeIDE/plugins/com.st.stm32cube.ide.mcu.externaltools.gnu-tools-for-stm32.14.3.rel1.win32_1.0.100.202602081740/tools/bin/../lib/gcc/arm-none-eabi/14.3.1/../../../../arm-none-eabi/lib/thumb/v7e-m+fp/hard\libc_nano.a(libc_a-stdio.o)
                0x080088c6                __swrite
 .text.__sseek  0x080088fe       0x26 C:/ST/STM32CubeIDE_2.1.1/STM32CubeIDE/plugins/com.st.stm32cube.ide.mcu.externaltools.gnu-tools-for-stm32.14.3.rel1.win32_1.0.100.202602081740/tools/bin/../lib/gcc/arm-none-eabi/14.3.1/../../../../arm-none-eabi/lib/thumb/v7e-m+fp/hard\libc_nano.a(libc_a-stdio.o)
                0x080088fe                __sseek
 .text.__sclose
                0x08008924        0x8 C:/ST/STM32CubeIDE_2.1.1/STM32CubeIDE/plugins/com.st.stm32cube.ide.mcu.externaltools.gnu-tools-for-stm32.14.3.rel1.win32_1.0.100.202602081740/tools/bin/../lib/gcc/arm-none-eabi/14.3.1/../../../../arm-none-eabi/lib/thumb/v7e-m+fp/hard\libc_nano.a(libc_a-stdio.o)
                0x08008924                __sclose
 .text.__swbuf_r
                0x0800892c       0x7c C:/ST/STM32CubeIDE_2.1.1/STM32CubeIDE/plugins/com.st.stm32cube.ide.mcu.externaltools.gnu-tools-for-stm32.14.3.rel1.win32_1.0.100.202602081740/tools/bin/../lib/gcc/arm-none-eabi/14.3.1/../../../../arm-none-eabi/lib/thumb/v7e-m+fp/hard\libc_nano.a(libc_a-wbuf.o)
                0x0800892c                __swbuf_r
 .text.__swsetup_r
                0x080089a8       0xa8 C:/ST/STM32CubeIDE_2.1.1/STM32CubeIDE/plugins/com.st.stm32cube.ide.mcu.externaltools.gnu-tools-for-stm32.14.3.rel1.win32_1.0.100.202602081740/tools/bin/../lib/gcc/arm-none-eabi/14.3.1/../../../../arm-none-eabi/lib/thumb/v7e-m+fp/hard\libc_nano.a(libc_a-wsetup.o)
                0x080089a8                __swsetup_r
 .text.memset   0x08008a50       0x10 C:/ST/STM32CubeIDE_2.1.1/STM32CubeIDE/plugins/com.st.stm32cube.ide.mcu.externaltools.gnu-tools-for-stm32.14.3.rel1.win32_1.0.100.202602081740/tools/bin/../lib/gcc/arm-none-eabi/14.3.1/../../../../arm-none-eabi/lib/thumb/v7e-m+fp/hard\libc_nano.a(libc_a-memset.o)
                0x08008a50                memset
 .text._close_r
                0x08008a60       0x20 C:/ST/STM32CubeIDE_2.1.1/STM32CubeIDE/plugins/com.st.stm32cube.ide.mcu.externaltools.gnu-tools-for-stm32.14.3.rel1.win32_1.0.100.202602081740/tools/bin/../lib/gcc/arm-none-eabi/14.3.1/../../../../arm-none-eabi/lib/thumb/v7e-m+fp/hard\libc_nano.a(libc_a-closer.o)
                0x08008a60                _close_r
 .text._lseek_r
                0x08008a80       0x24 C:/ST/STM32CubeIDE_2.1.1/STM32CubeIDE/plugins/com.st.stm32cube.ide.mcu.externaltools.gnu-tools-for-stm32.14.3.rel1.win32_1.0.100.202602081740/tools/bin/../lib/gcc/arm-none-eabi/14.3.1/../../../../arm-none-eabi/lib/thumb/v7e-m+fp/hard\libc_nano.a(libc_a-lseekr.o)
                0x08008a80                _lseek_r
 .text._read_r  0x08008aa4       0x24 C:/ST/STM32CubeIDE_2.1.1/STM32CubeIDE/plugins/com.st.stm32cube.ide.mcu.externaltools.gnu-tools-for-stm32.14.3.rel1.win32_1.0.100.202602081740/tools/bin/../lib/gcc/arm-none-eabi/14.3.1/../../../../arm-none-eabi/lib/thumb/v7e-m+fp/hard\libc_nano.a(libc_a-readr.o)
                0x08008aa4                _read_r
 .text._write_r
                0x08008ac8       0x24 C:/ST/STM32CubeIDE_2.1.1/STM32CubeIDE/plugins/com.st.stm32cube.ide.mcu.externaltools.gnu-tools-for-stm32.14.3.rel1.win32_1.0.100.202602081740/tools/bin/../lib/gcc/arm-none-eabi/14.3.1/../../../../arm-none-eabi/lib/thumb/v7e-m+fp/hard\libc_nano.a(libc_a-writer.o)
                0x08008ac8                _write_r
 .text.__errno  0x08008aec        0xc C:/ST/STM32CubeIDE_2.1.1/STM32CubeIDE/plugins/com.st.stm32cube.ide.mcu.externaltools.gnu-tools-for-stm32.14.3.rel1.win32_1.0.100.202602081740/tools/bin/../lib/gcc/arm-none-eabi/14.3.1/../../../../arm-none-eabi/lib/thumb/v7e-m+fp/hard\libc_nano.a(libc_a-errno.o)
                0x08008aec                __errno
 .text.__libc_init_array
                0x08008af8       0x48 C:/ST/STM32CubeIDE_2.1.1/STM32CubeIDE/plugins/com.st.stm32cube.ide.mcu.externaltools.gnu-tools-for-stm32.14.3.rel1.win32_1.0.100.202602081740/tools/bin/../lib/gcc/arm-none-eabi/14.3.1/../../../../arm-none-eabi/lib/thumb/v7e-m+fp/hard\libc_nano.a(libc_a-init.o)
                0x08008af8                __libc_init_array
 .text.__retarget_lock_init_recursive
                0x08008b40        0x2 C:/ST/STM32CubeIDE_2.1.1/STM32CubeIDE/plugins/com.st.stm32cube.ide.mcu.externaltools.gnu-tools-for-stm32.14.3.rel1.win32_1.0.100.202602081740/tools/bin/../lib/gcc/arm-none-eabi/14.3.1/../../../../arm-none-eabi/lib/thumb/v7e-m+fp/hard\libc_nano.a(libc_a-lock.o)
                0x08008b40                __retarget_lock_init_recursive
 .text.__retarget_lock_acquire_recursive
                0x08008b42        0x2 C:/ST/STM32CubeIDE_2.1.1/STM32CubeIDE/plugins/com.st.stm32cube.ide.mcu.externaltools.gnu-tools-for-stm32.14.3.rel1.win32_1.0.100.202602081740/tools/bin/../lib/gcc/arm-none-eabi/14.3.1/../../../../arm-none-eabi/lib/thumb/v7e-m+fp/hard\libc_nano.a(libc_a-lock.o)
                0x08008b42                __retarget_lock_acquire_recursive
 .text.__retarget_lock_release_recursive
                0x08008b44        0x2 C:/ST/STM32CubeIDE_2.1.1/STM32CubeIDE/plugins/com.st.stm32cube.ide.mcu.externaltools.gnu-tools-for-stm32.14.3.rel1.win32_1.0.100.202602081740/tools/bin/../lib/gcc/arm-none-eabi/14.3.1/../../../../arm-none-eabi/lib/thumb/v7e-m+fp/hard\libc_nano.a(libc_a-lock.o)
                0x08008b44                __retarget_lock_release_recursive
 .text.memcpy   0x08008b46       0x1c C:/ST/STM32CubeIDE_2.1.1/STM32CubeIDE/plugins/com.st.stm32cube.ide.mcu.externaltools.gnu-tools-for-stm32.14.3.rel1.win32_1.0.100.202602081740/tools/bin/../lib/gcc/arm-none-eabi/14.3.1/../../../../arm-none-eabi/lib/thumb/v7e-m+fp/hard\libc_nano.a(libc_a-memcpy-stub.o)
                0x08008b46                memcpy
 *fill*         0x08008b62        0x2 
 .text._free_r  0x08008b64       0x94 C:/ST/STM32CubeIDE_2.1.1/STM32CubeIDE/plugins/com.st.stm32cube.ide.mcu.externaltools.gnu-tools-for-stm32.14.3.rel1.win32_1.0.100.202602081740/tools/bin/../lib/gcc/arm-none-eabi/14.3.1/../../../../arm-none-eabi/lib/thumb/v7e-m+fp/hard\libc_nano.a(libc_a-freer.o)
                0x08008b64                _free_r
 .text.sbrk_aligned
                0x08008bf8       0x44 C:/ST/STM32CubeIDE_2.1.1/STM32CubeIDE/plugins/com.st.stm32cube.ide.mcu.externaltools.gnu-tools-for-stm32.14.3.rel1.win32_1.0.100.202602081740/tools/bin/../lib/gcc/arm-none-eabi/14.3.1/../../../../arm-none-eabi/lib/thumb/v7e-m+fp/hard\libc_nano.a(libc_a-mallocr.o)
 .text._malloc_r
                0x08008c3c      0x100 C:/ST/STM32CubeIDE_2.1.1/STM32CubeIDE/plugins/com.st.stm32cube.ide.mcu.externaltools.gnu-tools-for-stm32.14.3.rel1.win32_1.0.100.202602081740/tools/bin/../lib/gcc/arm-none-eabi/14.3.1/../../../../arm-none-eabi/lib/thumb/v7e-m+fp/hard\libc_nano.a(libc_a-mallocr.o)
                0x08008c3c                _malloc_r
 .text.__malloc_lock
                0x08008d3c        0xc C:/ST/STM32CubeIDE_2.1.1/STM32CubeIDE/plugins/com.st.stm32cube.ide.mcu.externaltools.gnu-tools-for-stm32.14.3.rel1.win32_1.0.100.202602081740/tools/bin/../lib/gcc/arm-none-eabi/14.3.1/../../../../arm-none-eabi/lib/thumb/v7e-m+fp/hard\libc_nano.a(libc_a-mlock.o)
                0x08008d3c                __malloc_lock
 .text.__malloc_unlock
                0x08008d48        0xc C:/ST/STM32CubeIDE_2.1.1/STM32CubeIDE/plugins/com.st.stm32cube.ide.mcu.externaltools.gnu-tools-for-stm32.14.3.rel1.win32_1.0.100.202602081740/tools/bin/../lib/gcc/arm-none-eabi/14.3.1/../../../../arm-none-eabi/lib/thumb/v7e-m+fp/hard\libc_nano.a(libc_a-mlock.o)
                0x08008d48                __malloc_unlock
 .text.__sfputc_r
                0x08008d54       0x2e C:/ST/STM32CubeIDE_2.1.1/STM32CubeIDE/plugins/com.st.stm32cube.ide.mcu.externaltools.gnu-tools-for-stm32.14.3.rel1.win32_1.0.100.202602081740/tools/bin/../lib/gcc/arm-none-eabi/14.3.1/../../../../arm-none-eabi/lib/thumb/v7e-m+fp/hard\libc_nano.a(libc_a-nano-vfprintf.o)
 .text.__sfputs_r
                0x08008d82       0x24 C:/ST/STM32CubeIDE_2.1.1/STM32CubeIDE/plugins/com.st.stm32cube.ide.mcu.externaltools.gnu-tools-for-stm32.14.3.rel1.win32_1.0.100.202602081740/tools/bin/../lib/gcc/arm-none-eabi/14.3.1/../../../../arm-none-eabi/lib/thumb/v7e-m+fp/hard\libc_nano.a(libc_a-nano-vfprintf.o)
                0x08008d82                __sfputs_r
 *fill*         0x08008da6        0x2 
 .text._vfprintf_r
                0x08008da8      0x228 C:/ST/STM32CubeIDE_2.1.1/STM32CubeIDE/plugins/com.st.stm32cube.ide.mcu.externaltools.gnu-tools-for-stm32.14.3.rel1.win32_1.0.100.202602081740/tools/bin/../lib/gcc/arm-none-eabi/14.3.1/../../../../arm-none-eabi/lib/thumb/v7e-m+fp/hard\libc_nano.a(libc_a-nano-vfprintf.o)
                0x08008da8                _vfprintf_r
                0x08008da8                _vfiprintf_r
 .text._printf_common
                0x08008fd0       0xda C:/ST/STM32CubeIDE_2.1.1/STM32CubeIDE/plugins/com.st.stm32cube.ide.mcu.externaltools.gnu-tools-for-stm32.14.3.rel1.win32_1.0.100.202602081740/tools/bin/../lib/gcc/arm-none-eabi/14.3.1/../../../../arm-none-eabi/lib/thumb/v7e-m+fp/hard\libc_nano.a(libc_a-nano-vfprintf_i.o)
                0x08008fd0                _printf_common
 *fill*         0x080090aa        0x2 
 .text._printf_i
                0x080090ac      0x24c C:/ST/STM32CubeIDE_2.1.1/STM32CubeIDE/plugins/com.st.stm32cube.ide.mcu.externaltools.gnu-tools-for-stm32.14.3.rel1.win32_1.0.100.202602081740/tools/bin/../lib/gcc/arm-none-eabi/14.3.1/../../../../arm-none-eabi/lib/thumb/v7e-m+fp/hard\libc_nano.a(libc_a-nano-vfprintf_i.o)
                0x080090ac                _printf_i
 .text.__sflush_r
                0x080092f8      0x104 C:/ST/STM32CubeIDE_2.1.1/STM32CubeIDE/plugins/com.st.stm32cube.ide.mcu.externaltools.gnu-tools-for-stm32.14.3.rel1.win32_1.0.100.202602081740/tools/bin/../lib/gcc/arm-none-eabi/14.3.1/../../../../arm-none-eabi/lib/thumb/v7e-m+fp/hard\libc_nano.a(libc_a-fflush.o)
                0x080092f8                __sflush_r
 .text._fflush_r
                0x080093fc       0x50 C:/ST/STM32CubeIDE_2.1.1/STM32CubeIDE/plugins/com.st.stm32cube.ide.mcu.externaltools.gnu-tools-for-stm32.14.3.rel1.win32_1.0.100.202602081740/tools/bin/../lib/gcc/arm-none-eabi/14.3.1/../../../../arm-none-eabi/lib/thumb/v7e-m+fp/hard\libc_nano.a(libc_a-fflush.o)
                0x080093fc                _fflush_r
 .text.__swhatbuf_r
                0x0800944c       0x48 C:/ST/STM32CubeIDE_2.1.1/STM32CubeIDE/plugins/com.st.stm32cube.ide.mcu.externaltools.gnu-tools-for-stm32.14.3.rel1.win32_1.0.100.202602081740/tools/bin/../lib/gcc/arm-none-eabi/14.3.1/../../../../arm-none-eabi/lib/thumb/v7e-m+fp/hard\libc_nano.a(libc_a-makebuf.o)
                0x0800944c                __swhatbuf_r
 .text.__smakebuf_r
                0x08009494       0x72 C:/ST/STM32CubeIDE_2.1.1/STM32CubeIDE/plugins/com.st.stm32cube.ide.mcu.externaltools.gnu-tools-for-stm32.14.3.rel1.win32_1.0.100.202602081740/tools/bin/../lib/gcc/arm-none-eabi/14.3.1/../../../../arm-none-eabi/lib/thumb/v7e-m+fp/hard\libc_nano.a(libc_a-makebuf.o)
                0x08009494                __smakebuf_r
 .text._putc_r  0x08009506       0x68 C:/ST/STM32CubeIDE_2.1.1/STM32CubeIDE/plugins/com.st.stm32cube.ide.mcu.externaltools.gnu-tools-for-stm32.14.3.rel1.win32_1.0.100.202602081740/tools/bin/../lib/gcc/arm-none-eabi/14.3.1/../../../../arm-none-eabi/lib/thumb/v7e-m+fp/hard\libc_nano.a(libc_a-putc.o)
                0x08009506                _putc_r
 *fill*         0x0800956e        0x2 
 .text._fstat_r
                0x08009570       0x24 C:/ST/STM32CubeIDE_2.1.1/STM32CubeIDE/plugins/com.st.stm32cube.ide.mcu.externaltools.gnu-tools-for-stm32.14.3.rel1.win32_1.0.100.202602081740/tools/bin/../lib/gcc/arm-none-eabi/14.3.1/../../../../arm-none-eabi/lib/thumb/v7e-m+fp/hard\libc_nano.a(libc_a-fstatr.o)
                0x08009570                _fstat_r
 .text._isatty_r
                0x08009594       0x20 C:/ST/STM32CubeIDE_2.1.1/STM32CubeIDE/plugins/com.st.stm32cube.ide.mcu.externaltools.gnu-tools-for-stm32.14.3.rel1.win32_1.0.100.202602081740/tools/bin/../lib/gcc/arm-none-eabi/14.3.1/../../../../arm-none-eabi/lib/thumb/v7e-m+fp/hard\libc_nano.a(libc_a-isattyr.o)
                0x08009594                _isatty_r
 .text._sbrk_r  0x080095b4       0x20 C:/ST/STM32CubeIDE_2.1.1/STM32CubeIDE/plugins/com.st.stm32cube.ide.mcu.externaltools.gnu-tools-for-stm32.14.3.rel1.win32_1.0.100.202602081740/tools/bin/../lib/gcc/arm-none-eabi/14.3.1/../../../../arm-none-eabi/lib/thumb/v7e-m+fp/hard\libc_nano.a(libc_a-sbrkr.o)
                0x080095b4                _sbrk_r
 *(.glue_7)
 .glue_7        0x080095d4        0x0 linker stubs
 *(.glue_7t)
 .glue_7t       0x080095d4        0x0 linker stubs
 *(.eh_frame)
 .eh_frame      0x080095d4        0x0 C:/ST/STM32CubeIDE_2.1.1/STM32CubeIDE/plugins/com.st.stm32cube.ide.mcu.externaltools.gnu-tools-for-stm32.14.3.rel1.win32_1.0.100.202602081740/tools/bin/../lib/gcc/arm-none-eabi/14.3.1/thumb/v7e-m+fp/hard/crtbegin.o
 *(.init)
 .init          0x080095d4        0x4 C:/ST/STM32CubeIDE_2.1.1/STM32CubeIDE/plugins/com.st.stm32cube.ide.mcu.externaltools.gnu-tools-for-stm32.14.3.rel1.win32_1.0.100.202602081740/tools/bin/../lib/gcc/arm-none-eabi/14.3.1/thumb/v7e-m+fp/hard/crti.o
                0x080095d4                _init
 .init          0x080095d8        0x8 C:/ST/STM32CubeIDE_2.1.1/STM32CubeIDE/plugins/com.st.stm32cube.ide.mcu.externaltools.gnu-tools-for-stm32.14.3.rel1.win32_1.0.100.202602081740/tools/bin/../lib/gcc/arm-none-eabi/14.3.1/thumb/v7e-m+fp/hard/crtn.o
 *(.fini)
 .fini          0x080095e0        0x4 C:/ST/STM32CubeIDE_2.1.1/STM32CubeIDE/plugins/com.st.stm32cube.ide.mcu.externaltools.gnu-tools-for-stm32.14.3.rel1.win32_1.0.100.202602081740/tools/bin/../lib/gcc/arm-none-eabi/14.3.1/thumb/v7e-m+fp/hard/crti.o
                0x080095e0                _fini
 .fini          0x080095e4        0x8 C:/ST/STM32CubeIDE_2.1.1/STM32CubeIDE/plugins/com.st.stm32cube.ide.mcu.externaltools.gnu-tools-for-stm32.14.3.rel1.win32_1.0.100.202602081740/tools/bin/../lib/gcc/arm-none-eabi/14.3.1/thumb/v7e-m+fp/hard/crtn.o
                0x080095ec                        . = ALIGN (0x4)
                0x080095ec                        _etext = .

.vfp11_veneer   0x080095ec        0x0
 .vfp11_veneer  0x080095ec        0x0 linker stubs

.v4_bx          0x080095ec        0x0
 .v4_bx         0x080095ec        0x0 linker stubs

.iplt           0x080095ec        0x0
 .iplt          0x080095ec        0x0 C:/ST/STM32CubeIDE_2.1.1/STM32CubeIDE/plugins/com.st.stm32cube.ide.mcu.externaltools.gnu-tools-for-stm32.14.3.rel1.win32_1.0.100.202602081740/tools/bin/../lib/gcc/arm-none-eabi/14.3.1/thumb/v7e-m+fp/hard/crtbegin.o

.rodata         0x080095ec    0x15a2c
                0x080095ec                        . = ALIGN (0x4)
 *(.rodata)
 .rodata        0x080095ec      0x260 ./Application/User/app_tof.o
 .rodata        0x0800984c       0x6c ./Drivers/BSP/Components/vl53l8cx_api.o
 .rodata        0x080098b8        0x8 ./Drivers/BSP/Components/vl53l8cx_plugin_detection_thresholds.o
 *(.rodata*)
 .rodata.ButtonGpioInit.3
                0x080098c0        0x4 ./Application/User/stm32f4xx_nucleo.o
 .rodata.BUTTON_EXTI_LINE.2
                0x080098c4        0x4 ./Application/User/stm32f4xx_nucleo.o
 .rodata.ButtonCallback.1
                0x080098c8        0x4 ./Application/User/stm32f4xx_nucleo.o
 .rodata.BSP_BUTTON_PRIO.0
                0x080098cc        0x4 ./Application/User/stm32f4xx_nucleo.o
 .rodata.VL53L8CX_FIRMWARE
                0x080098d0    0x15000 ./Drivers/BSP/Components/vl53l8cx_api.o
                0x080098d0                VL53L8CX_FIRMWARE
 .rodata.VL53L8CX_DEFAULT_CONFIGURATION
                0x0801e8d0      0x3cc ./Drivers/BSP/Components/vl53l8cx_api.o
                0x0801e8d0                VL53L8CX_DEFAULT_CONFIGURATION
 .rodata.VL53L8CX_DEFAULT_XTALK
                0x0801ec9c      0x308 ./Drivers/BSP/Components/vl53l8cx_api.o
                0x0801ec9c                VL53L8CX_DEFAULT_XTALK
 .rodata.VL53L8CX_GET_NVM_CMD
                0x0801efa4       0x28 ./Drivers/BSP/Components/vl53l8cx_api.o
                0x0801efa4                VL53L8CX_GET_NVM_CMD
 .rodata.AHBPrescTable
                0x0801efcc       0x10 ./Drivers/CMSIS/system_stm32f4xx.o
                0x0801efcc                AHBPrescTable
 .rodata.APBPrescTable
                0x0801efdc        0x8 ./Drivers/CMSIS/system_stm32f4xx.o
                0x0801efdc                APBPrescTable
 .rodata._vfprintf_r.str1.1
                0x0801efe4       0x33 C:/ST/STM32CubeIDE_2.1.1/STM32CubeIDE/plugins/com.st.stm32cube.ide.mcu.externaltools.gnu-tools-for-stm32.14.3.rel1.win32_1.0.100.202602081740/tools/bin/../lib/gcc/arm-none-eabi/14.3.1/../../../../arm-none-eabi/lib/thumb/v7e-m+fp/hard\libc_nano.a(libc_a-nano-vfprintf.o)
                                 0x11 (size before relaxing)
 .rodata._printf_i.str1.1
                0x0801f017       0x22 C:/ST/STM32CubeIDE_2.1.1/STM32CubeIDE/plugins/com.st.stm32cube.ide.mcu.externaltools.gnu-tools-for-stm32.14.3.rel1.win32_1.0.100.202602081740/tools/bin/../lib/gcc/arm-none-eabi/14.3.1/../../../../arm-none-eabi/lib/thumb/v7e-m+fp/hard\libc_nano.a(libc_a-nano-vfprintf_i.o)
                0x0801f03c                        . = ALIGN (0x4)
 *fill*         0x0801f017        0x1 

.ARM.extab      0x0801f018        0x0
                0x0801f018                        . = ALIGN (0x4)
 *(.ARM.extab* .gnu.linkonce.armextab.*)
                0x0801f018                        . = ALIGN (0x4)

.ARM            0x0801f018        0x8
                0x0801f018                        . = ALIGN (0x4)
                0x0801f018                        __exidx_start = .
 *(.ARM.exidx*)
 .ARM.exidx     0x0801f018        0x8 C:/ST/STM32CubeIDE_2.1.1/STM32CubeIDE/plugins/com.st.stm32cube.ide.mcu.externaltools.gnu-tools-for-stm32.14.3.rel1.win32_1.0.100.202602081740/tools/bin/../lib/gcc/arm-none-eabi/14.3.1/../../../../arm-none-eabi/lib/thumb/v7e-m+fp/hard\libc_nano.a(libc_a-memchr.o)
 .ARM.exidx     0x0801f020        0x0 C:/ST/STM32CubeIDE_2.1.1/STM32CubeIDE/plugins/com.st.stm32cube.ide.mcu.externaltools.gnu-tools-for-stm32.14.3.rel1.win32_1.0.100.202602081740/tools/bin/../lib/gcc/arm-none-eabi/14.3.1/thumb/v7e-m+fp/hard\libgcc.a(_udivmoddi4.o)
                                  0x8 (size before relaxing)
                0x0801f020                        __exidx_end = .
                0x0801f020                        . = ALIGN (0x4)

.preinit_array  0x0801f020        0x0
                0x0801f020                        . = ALIGN (0x4)
                0x0801f020                        PROVIDE (__preinit_array_start = .)
 *(.preinit_array*)
                0x0801f020                        PROVIDE (__preinit_array_end = .)
                0x0801f020                        . = ALIGN (0x4)

.init_array     0x0801f020        0x4
                0x0801f020                        . = ALIGN (0x4)
                0x0801f020                        PROVIDE (__init_array_start = .)
 *(SORT_BY_NAME(.init_array.*))
 *(.init_array*)
 .init_array    0x0801f020        0x4 C:/ST/STM32CubeIDE_2.1.1/STM32CubeIDE/plugins/com.st.stm32cube.ide.mcu.externaltools.gnu-tools-for-stm32.14.3.rel1.win32_1.0.100.202602081740/tools/bin/../lib/gcc/arm-none-eabi/14.3.1/thumb/v7e-m+fp/hard/crtbegin.o
                0x0801f024                        PROVIDE (__init_array_end = .)
                0x0801f024                        . = ALIGN (0x4)

.fini_array     0x0801f024        0x4
                0x0801f024                        . = ALIGN (0x4)
                [!provide]                        PROVIDE (__fini_array_start = .)
 *(SORT_BY_NAME(.fini_array.*))
 *(.fini_array*)
 .fini_array    0x0801f024        0x4 C:/ST/STM32CubeIDE_2.1.1/STM32CubeIDE/plugins/com.st.stm32cube.ide.mcu.externaltools.gnu-tools-for-stm32.14.3.rel1.win32_1.0.100.202602081740/tools/bin/../lib/gcc/arm-none-eabi/14.3.1/thumb/v7e-m+fp/hard/crtbegin.o
                [!provide]                        PROVIDE (__fini_array_end = .)
                0x0801f028                        . = ALIGN (0x4)
                0x0801f028                        _sidata = LOADADDR (.data)

.rel.dyn        0x0801f028        0x0
 .rel.iplt      0x0801f028        0x0 C:/ST/STM32CubeIDE_2.1.1/STM32CubeIDE/plugins/com.st.stm32cube.ide.mcu.externaltools.gnu-tools-for-stm32.14.3.rel1.win32_1.0.100.202602081740/tools/bin/../lib/gcc/arm-none-eabi/14.3.1/thumb/v7e-m+fp/hard/crtbegin.o

.data           0x20000000       0xac load address 0x0801f028
                0x20000000                        . = ALIGN (0x4)
                0x20000000                        _sdata = .
 *(.data)
 *(.data*)
 .data.hpb_exti
                0x20000000        0x8 ./Application/User/stm32f4xx_nucleo.o
                0x20000000                hpb_exti
 .data.COM_USART
                0x20000008        0x4 ./Application/User/stm32f4xx_nucleo.o
                0x20000008                COM_USART
 .data.VL53L8CX_RANGING_SENSOR_Driver
                0x2000000c       0x38 ./Drivers/BSP/Components/vl53l8cx.o
                0x2000000c                VL53L8CX_RANGING_SENSOR_Driver
 .data.SystemCoreClock
                0x20000044        0x4 ./Drivers/CMSIS/system_stm32f4xx.o
                0x20000044                SystemCoreClock
 .data.uwTickPrio
                0x20000048        0x4 ./Drivers/STM32F4xx_HAL_Driver/stm32f4xx_hal.o
                0x20000048                uwTickPrio
 .data.uwTickFreq
                0x2000004c        0x1 ./Drivers/STM32F4xx_HAL_Driver/stm32f4xx_hal.o
                0x2000004c                uwTickFreq
 *fill*         0x2000004d        0x3 
 .data.__sglue  0x20000050        0xc C:/ST/STM32CubeIDE_2.1.1/STM32CubeIDE/plugins/com.st.stm32cube.ide.mcu.externaltools.gnu-tools-for-stm32.14.3.rel1.win32_1.0.100.202602081740/tools/bin/../lib/gcc/arm-none-eabi/14.3.1/../../../../arm-none-eabi/lib/thumb/v7e-m+fp/hard\libc_nano.a(libc_a-findfp.o)
                0x20000050                __sglue
 .data._impure_ptr
                0x2000005c        0x4 C:/ST/STM32CubeIDE_2.1.1/STM32CubeIDE/plugins/com.st.stm32cube.ide.mcu.externaltools.gnu-tools-for-stm32.14.3.rel1.win32_1.0.100.202602081740/tools/bin/../lib/gcc/arm-none-eabi/14.3.1/../../../../arm-none-eabi/lib/thumb/v7e-m+fp/hard\libc_nano.a(libc_a-impure.o)
                0x2000005c                _impure_ptr
 .data._impure_data
                0x20000060       0x4c C:/ST/STM32CubeIDE_2.1.1/STM32CubeIDE/plugins/com.st.stm32cube.ide.mcu.externaltools.gnu-tools-for-stm32.14.3.rel1.win32_1.0.100.202602081740/tools/bin/../lib/gcc/arm-none-eabi/14.3.1/../../../../arm-none-eabi/lib/thumb/v7e-m+fp/hard\libc_nano.a(libc_a-impure.o)
                0x20000060                _impure_data
 *(.RamFunc)
 *(.RamFunc*)
                0x200000ac                        . = ALIGN (0x4)
                0x200000ac                        _edata = .

.igot.plt       0x200000ac        0x0 load address 0x0801f0d4
 .igot.plt      0x200000ac        0x0 C:/ST/STM32CubeIDE_2.1.1/STM32CubeIDE/plugins/com.st.stm32cube.ide.mcu.externaltools.gnu-tools-for-stm32.14.3.rel1.win32_1.0.100.202602081740/tools/bin/../lib/gcc/arm-none-eabi/14.3.1/thumb/v7e-m+fp/hard/crtbegin.o
                0x200000ac                        . = ALIGN (0x4)

.bss            0x200000ac     0x30a4 load address 0x0801f0d4
                0x200000ac                        _sbss = .
                0x200000ac                        __bss_start__ = _sbss
 *(.bss)
 .bss           0x200000ac       0x1c C:/ST/STM32CubeIDE_2.1.1/STM32CubeIDE/plugins/com.st.stm32cube.ide.mcu.externaltools.gnu-tools-for-stm32.14.3.rel1.win32_1.0.100.202602081740/tools/bin/../lib/gcc/arm-none-eabi/14.3.1/thumb/v7e-m+fp/hard/crtbegin.o
 *(.bss*)
 .bss.Cap       0x200000c8       0x10 ./Application/User/app_tof.o
 .bss.Profile   0x200000d8       0x14 ./Application/User/app_tof.o
 .bss.Result    0x200000ec      0x504 ./Application/User/app_tof.o
 .bss.status    0x200005f0        0x4 ./Application/User/app_tof.o
 .bss.PushButtonDetected
                0x200005f4        0x1 ./Application/User/app_tof.o
 .bss.ToF_EventDetected
                0x200005f5        0x1 ./Application/User/app_tof.o
                0x200005f5                ToF_EventDetected
 *fill*         0x200005f6        0x2 
 .bss.last_toggle.1
                0x200005f8        0x4 ./Application/User/app_tof.o
 .bss.buzzer_state.0
                0x200005fc        0x1 ./Application/User/app_tof.o
 *fill*         0x200005fd        0x3 
 .bss.htim2     0x20000600       0x48 ./Application/User/main.o
                0x20000600                htim2
 .bss.hcom_uart
                0x20000648       0x48 ./Application/User/stm32f4xx_nucleo.o
                0x20000648                hcom_uart
 .bss.COM_ActiveLogPort
                0x20000690        0x1 ./Application/User/stm32f4xx_nucleo.o
 *fill*         0x20000691        0x3 
 .bss.hi2c1     0x20000694       0x54 ./Application/User/stm32f4xx_nucleo_bus.o
                0x20000694                hi2c1
 .bss.I2C1InitCounter
                0x200006e8        0x4 ./Application/User/stm32f4xx_nucleo_bus.o
 .bss.__sbrk_heap_end
                0x200006ec        0x4 ./Application/User/sysmem.o
 .bss.VL53L8A1_RANGING_SENSOR_CompObj
                0x200006f0        0xc ./Drivers/BSP/53L8A1/53l8a1_ranging_sensor.o
                0x200006f0                VL53L8A1_RANGING_SENSOR_CompObj
 .bss.VL53L8A1_RANGING_SENSOR_Drv
                0x200006fc        0x4 ./Drivers/BSP/53L8A1/53l8a1_ranging_sensor.o
 .bss.VL53L8A1_RANGING_SENSOR_Cap
                0x20000700       0x10 ./Drivers/BSP/53L8A1/53l8a1_ranging_sensor.o
 .bss.VL53L8CXObj.0
                0x20000710     0x20a0 ./Drivers/BSP/53L8A1/53l8a1_ranging_sensor.o
 .bss.thresholds.1
                0x200027b0      0x300 ./Drivers/BSP/Components/vl53l8cx.o
 .bss.data.0    0x20002ab0      0x550 ./Drivers/BSP/Components/vl53l8cx.o
 .bss.uwTick    0x20003000        0x4 ./Drivers/STM32F4xx_HAL_Driver/stm32f4xx_hal.o
                0x20003000                uwTick
 .bss.__sf      0x20003004      0x138 C:/ST/STM32CubeIDE_2.1.1/STM32CubeIDE/plugins/com.st.stm32cube.ide.mcu.externaltools.gnu-tools-for-stm32.14.3.rel1.win32_1.0.100.202602081740/tools/bin/../lib/gcc/arm-none-eabi/14.3.1/../../../../arm-none-eabi/lib/thumb/v7e-m+fp/hard\libc_nano.a(libc_a-findfp.o)
                0x20003004                __sf
 .bss.__stdio_exit_handler
                0x2000313c        0x4 C:/ST/STM32CubeIDE_2.1.1/STM32CubeIDE/plugins/com.st.stm32cube.ide.mcu.externaltools.gnu-tools-for-stm32.14.3.rel1.win32_1.0.100.202602081740/tools/bin/../lib/gcc/arm-none-eabi/14.3.1/../../../../arm-none-eabi/lib/thumb/v7e-m+fp/hard\libc_nano.a(libc_a-findfp.o)
                0x2000313c                __stdio_exit_handler
 .bss.errno     0x20003140        0x4 C:/ST/STM32CubeIDE_2.1.1/STM32CubeIDE/plugins/com.st.stm32cube.ide.mcu.externaltools.gnu-tools-for-stm32.14.3.rel1.win32_1.0.100.202602081740/tools/bin/../lib/gcc/arm-none-eabi/14.3.1/../../../../arm-none-eabi/lib/thumb/v7e-m+fp/hard\libc_nano.a(libc_a-reent.o)
                0x20003140                errno
 .bss.__lock___malloc_recursive_mutex
                0x20003144        0x1 C:/ST/STM32CubeIDE_2.1.1/STM32CubeIDE/plugins/com.st.stm32cube.ide.mcu.externaltools.gnu-tools-for-stm32.14.3.rel1.win32_1.0.100.202602081740/tools/bin/../lib/gcc/arm-none-eabi/14.3.1/../../../../arm-none-eabi/lib/thumb/v7e-m+fp/hard\libc_nano.a(libc_a-lock.o)
                0x20003144                __lock___malloc_recursive_mutex
 .bss.__lock___sfp_recursive_mutex
                0x20003145        0x1 C:/ST/STM32CubeIDE_2.1.1/STM32CubeIDE/plugins/com.st.stm32cube.ide.mcu.externaltools.gnu-tools-for-stm32.14.3.rel1.win32_1.0.100.202602081740/tools/bin/../lib/gcc/arm-none-eabi/14.3.1/../../../../arm-none-eabi/lib/thumb/v7e-m+fp/hard\libc_nano.a(libc_a-lock.o)
                0x20003145                __lock___sfp_recursive_mutex
 *fill*         0x20003146        0x2 
 .bss.__malloc_sbrk_start
                0x20003148        0x4 C:/ST/STM32CubeIDE_2.1.1/STM32CubeIDE/plugins/com.st.stm32cube.ide.mcu.externaltools.gnu-tools-for-stm32.14.3.rel1.win32_1.0.100.202602081740/tools/bin/../lib/gcc/arm-none-eabi/14.3.1/../../../../arm-none-eabi/lib/thumb/v7e-m+fp/hard\libc_nano.a(libc_a-mallocr.o)
                0x20003148                __malloc_sbrk_start
 .bss.__malloc_free_list
                0x2000314c        0x4 C:/ST/STM32CubeIDE_2.1.1/STM32CubeIDE/plugins/com.st.stm32cube.ide.mcu.externaltools.gnu-tools-for-stm32.14.3.rel1.win32_1.0.100.202602081740/tools/bin/../lib/gcc/arm-none-eabi/14.3.1/../../../../arm-none-eabi/lib/thumb/v7e-m+fp/hard\libc_nano.a(libc_a-mallocr.o)
                0x2000314c                __malloc_free_list
 *(COMMON)
                0x20003150                        . = ALIGN (0x4)
                0x20003150                        _ebss = .
                0x20003150                        __bss_end__ = _ebss

._user_heap_stack
                0x20003150      0xa00 load address 0x0801f0d4
                0x20003150                        . = ALIGN (0x8)
                [!provide]                        PROVIDE (end = .)
                0x20003150                        PROVIDE (_end = .)
                0x20003350                        . = (. + _Min_Heap_Size)
 *fill*         0x20003150      0x200 
                0x20003b50                        . = (. + _Min_Stack_Size)
 *fill*         0x20003350      0x800 
                0x20003b50                        . = ALIGN (0x8)

/DISCARD/
 libc.a(*)
 libm.a(*)
 libgcc.a(*)

.ARM.attributes
                0x00000000       0x30
 *(.ARM.attributes)
 .ARM.attributes
                0x00000000       0x22 C:/ST/STM32CubeIDE_2.1.1/STM32CubeIDE/plugins/com.st.stm32cube.ide.mcu.externaltools.gnu-tools-for-stm32.14.3.rel1.win32_1.0.100.202602081740/tools/bin/../lib/gcc/arm-none-eabi/14.3.1/thumb/v7e-m+fp/hard/crti.o
 .ARM.attributes
                0x00000022       0x34 C:/ST/STM32CubeIDE_2.1.1/STM32CubeIDE/plugins/com.st.stm32cube.ide.mcu.externaltools.gnu-tools-for-stm32.14.3.rel1.win32_1.0.100.202602081740/tools/bin/../lib/gcc/arm-none-eabi/14.3.1/thumb/v7e-m+fp/hard/crtbegin.o
 .ARM.attributes
                0x00000056       0x21 ./Application/Startup/startup_stm32f401retx.o
 .ARM.attributes
                0x00000077       0x34 ./Application/User/app_tof.o
 .ARM.attributes
                0x000000ab       0x34 ./Application/User/app_tof_pin_conf.o
 .ARM.attributes
                0x000000df       0x34 ./Application/User/main.o
 .ARM.attributes
                0x00000113       0x34 ./Application/User/stm32f4xx_hal_msp.o
 .ARM.attributes
                0x00000147       0x34 ./Application/User/stm32f4xx_it.o
 .ARM.attributes
                0x0000017b       0x34 ./Application/User/stm32f4xx_nucleo.o
 .ARM.attributes
                0x000001af       0x34 ./Application/User/stm32f4xx_nucleo_bus.o
 .ARM.attributes
                0x000001e3       0x34 ./Application/User/syscalls.o
 .ARM.attributes
                0x00000217       0x34 ./Application/User/sysmem.o
 .ARM.attributes
                0x0000024b       0x34 ./Drivers/BSP/53L8A1/53l8a1_ranging_sensor.o
 .ARM.attributes
                0x0000027f       0x34 ./Drivers/BSP/Components/platform.o
 .ARM.attributes
                0x000002b3       0x34 ./Drivers/BSP/Components/vl53l8cx.o
 .ARM.attributes
                0x000002e7       0x34 ./Drivers/BSP/Components/vl53l8cx_api.o
 .ARM.attributes
                0x0000031b       0x34 ./Drivers/BSP/Components/vl53l8cx_plugin_detection_thresholds.o
 .ARM.attributes
                0x0000034f       0x34 ./Drivers/CMSIS/system_stm32f4xx.o
 .ARM.attributes
                0x00000383       0x34 ./Drivers/STM32F4xx_HAL_Driver/stm32f4xx_hal.o
 .ARM.attributes
                0x000003b7       0x34 ./Drivers/STM32F4xx_HAL_Driver/stm32f4xx_hal_cortex.o
 .ARM.attributes
                0x000003eb       0x34 ./Drivers/STM32F4xx_HAL_Driver/stm32f4xx_hal_exti.o
 .ARM.attributes
                0x0000041f       0x34 ./Drivers/STM32F4xx_HAL_Driver/stm32f4xx_hal_gpio.o
 .ARM.attributes
                0x00000453       0x34 ./Drivers/STM32F4xx_HAL_Driver/stm32f4xx_hal_i2c.o
 .ARM.attributes
                0x00000487       0x34 ./Drivers/STM32F4xx_HAL_Driver/stm32f4xx_hal_rcc.o
 .ARM.attributes
                0x000004bb       0x34 ./Drivers/STM32F4xx_HAL_Driver/stm32f4xx_hal_tim.o
 .ARM.attributes
                0x000004ef       0x34 ./Drivers/STM32F4xx_HAL_Driver/stm32f4xx_hal_tim_ex.o
 .ARM.attributes
                0x00000523       0x34 ./Drivers/STM32F4xx_HAL_Driver/stm32f4xx_hal_uart.o
 .ARM.attributes
                0x00000557       0x34 C:/ST/STM32CubeIDE_2.1.1/STM32CubeIDE/plugins/com.st.stm32cube.ide.mcu.externaltools.gnu-tools-for-stm32.14.3.rel1.win32_1.0.100.202602081740/tools/bin/../lib/gcc/arm-none-eabi/14.3.1/../../../../arm-none-eabi/lib/thumb/v7e-m+fp/hard\libc_nano.a(libc_a-findfp.o)
 .ARM.attributes
                0x0000058b       0x34 C:/ST/STM32CubeIDE_2.1.1/STM32CubeIDE/plugins/com.st.stm32cube.ide.mcu.externaltools.gnu-tools-for-stm32.14.3.rel1.win32_1.0.100.202602081740/tools/bin/../lib/gcc/arm-none-eabi/14.3.1/../../../../arm-none-eabi/lib/thumb/v7e-m+fp/hard\libc_nano.a(libc_a-fwalk.o)
 .ARM.attributes
                0x000005bf       0x34 C:/ST/STM32CubeIDE_2.1.1/STM32CubeIDE/plugins/com.st.stm32cube.ide.mcu.externaltools.gnu-tools-for-stm32.14.3.rel1.win32_1.0.100.202602081740/tools/bin/../lib/gcc/arm-none-eabi/14.3.1/../../../../arm-none-eabi/lib/thumb/v7e-m+fp/hard\libc_nano.a(libc_a-printf.o)
 .ARM.attributes
                0x000005f3       0x34 C:/ST/STM32CubeIDE_2.1.1/STM32CubeIDE/plugins/com.st.stm32cube.ide.mcu.externaltools.gnu-tools-for-stm32.14.3.rel1.win32_1.0.100.202602081740/tools/bin/../lib/gcc/arm-none-eabi/14.3.1/../../../../arm-none-eabi/lib/thumb/v7e-m+fp/hard\libc_nano.a(libc_a-putchar.o)
 .ARM.attributes
                0x00000627       0x34 C:/ST/STM32CubeIDE_2.1.1/STM32CubeIDE/plugins/com.st.stm32cube.ide.mcu.externaltools.gnu-tools-for-stm32.14.3.rel1.win32_1.0.100.202602081740/tools/bin/../lib/gcc/arm-none-eabi/14.3.1/../../../../arm-none-eabi/lib/thumb/v7e-m+fp/hard\libc_nano.a(libc_a-puts.o)
 .ARM.attributes
                0x0000065b       0x34 C:/ST/STM32CubeIDE_2.1.1/STM32CubeIDE/plugins/com.st.stm32cube.ide.mcu.externaltools.gnu-tools-for-stm32.14.3.rel1.win32_1.0.100.202602081740/tools/bin/../lib/gcc/arm-none-eabi/14.3.1/../../../../arm-none-eabi/lib/thumb/v7e-m+fp/hard\libc_nano.a(libc_a-stdio.o)
 .ARM.attributes
                0x0000068f       0x34 C:/ST/STM32CubeIDE_2.1.1/STM32CubeIDE/plugins/com.st.stm32cube.ide.mcu.externaltools.gnu-tools-for-stm32.14.3.rel1.win32_1.0.100.202602081740/tools/bin/../lib/gcc/arm-none-eabi/14.3.1/../../../../arm-none-eabi/lib/thumb/v7e-m+fp/hard\libc_nano.a(libc_a-wbuf.o)
 .ARM.attributes
                0x000006c3       0x34 C:/ST/STM32CubeIDE_2.1.1/STM32CubeIDE/plugins/com.st.stm32cube.ide.mcu.externaltools.gnu-tools-for-stm32.14.3.rel1.win32_1.0.100.202602081740/tools/bin/../lib/gcc/arm-none-eabi/14.3.1/../../../../arm-none-eabi/lib/thumb/v7e-m+fp/hard\libc_nano.a(libc_a-wsetup.o)
 .ARM.attributes
                0x000006f7       0x34 C:/ST/STM32CubeIDE_2.1.1/STM32CubeIDE/plugins/com.st.stm32cube.ide.mcu.externaltools.gnu-tools-for-stm32.14.3.rel1.win32_1.0.100.202602081740/tools/bin/../lib/gcc/arm-none-eabi/14.3.1/../../../../arm-none-eabi/lib/thumb/v7e-m+fp/hard\libc_nano.a(libc_a-memset.o)
 .ARM.attributes
                0x0000072b       0x34 C:/ST/STM32CubeIDE_2.1.1/STM32CubeIDE/plugins/com.st.stm32cube.ide.mcu.externaltools.gnu-tools-for-stm32.14.3.rel1.win32_1.0.100.202602081740/tools/bin/../lib/gcc/arm-none-eabi/14.3.1/../../../../arm-none-eabi/lib/thumb/v7e-m+fp/hard\libc_nano.a(libc_a-closer.o)
 .ARM.attributes
                0x0000075f       0x34 C:/ST/STM32CubeIDE_2.1.1/STM32CubeIDE/plugins/com.st.stm32cube.ide.mcu.externaltools.gnu-tools-for-stm32.14.3.rel1.win32_1.0.100.202602081740/tools/bin/../lib/gcc/arm-none-eabi/14.3.1/../../../../arm-none-eabi/lib/thumb/v7e-m+fp/hard\libc_nano.a(libc_a-reent.o)
 .ARM.attributes
                0x00000793       0x34 C:/ST/STM32CubeIDE_2.1.1/STM32CubeIDE/plugins/com.st.stm32cube.ide.mcu.externaltools.gnu-tools-for-stm32.14.3.rel1.win32_1.0.100.202602081740/tools/bin/../lib/gcc/arm-none-eabi/14.3.1/../../../../arm-none-eabi/lib/thumb/v7e-m+fp/hard\libc_nano.a(libc_a-impure.o)
 .ARM.attributes
                0x000007c7       0x34 C:/ST/STM32CubeIDE_2.1.1/STM32CubeIDE/plugins/com.st.stm32cube.ide.mcu.externaltools.gnu-tools-for-stm32.14.3.rel1.win32_1.0.100.202602081740/tools/bin/../lib/gcc/arm-none-eabi/14.3.1/../../../../arm-none-eabi/lib/thumb/v7e-m+fp/hard\libc_nano.a(libc_a-lseekr.o)
 .ARM.attributes
                0x000007fb       0x34 C:/ST/STM32CubeIDE_2.1.1/STM32CubeIDE/plugins/com.st.stm32cube.ide.mcu.externaltools.gnu-tools-for-stm32.14.3.rel1.win32_1.0.100.202602081740/tools/bin/../lib/gcc/arm-none-eabi/14.3.1/../../../../arm-none-eabi/lib/thumb/v7e-m+fp/hard\libc_nano.a(libc_a-readr.o)
 .ARM.attributes
                0x0000082f       0x34 C:/ST/STM32CubeIDE_2.1.1/STM32CubeIDE/plugins/com.st.stm32cube.ide.mcu.externaltools.gnu-tools-for-stm32.14.3.rel1.win32_1.0.100.202602081740/tools/bin/../lib/gcc/arm-none-eabi/14.3.1/../../../../arm-none-eabi/lib/thumb/v7e-m+fp/hard\libc_nano.a(libc_a-writer.o)
 .ARM.attributes
                0x00000863       0x34 C:/ST/STM32CubeIDE_2.1.1/STM32CubeIDE/plugins/com.st.stm32cube.ide.mcu.externaltools.gnu-tools-for-stm32.14.3.rel1.win32_1.0.100.202602081740/tools/bin/../lib/gcc/arm-none-eabi/14.3.1/../../../../arm-none-eabi/lib/thumb/v7e-m+fp/hard\libc_nano.a(libc_a-errno.o)
 .ARM.attributes
                0x00000897       0x34 C:/ST/STM32CubeIDE_2.1.1/STM32CubeIDE/plugins/com.st.stm32cube.ide.mcu.externaltools.gnu-tools-for-stm32.14.3.rel1.win32_1.0.100.202602081740/tools/bin/../lib/gcc/arm-none-eabi/14.3.1/../../../../arm-none-eabi/lib/thumb/v7e-m+fp/hard\libc_nano.a(libc_a-init.o)
 .ARM.attributes
                0x000008cb       0x34 C:/ST/STM32CubeIDE_2.1.1/STM32CubeIDE/plugins/com.st.stm32cube.ide.mcu.externaltools.gnu-tools-for-stm32.14.3.rel1.win32_1.0.100.202602081740/tools/bin/../lib/gcc/arm-none-eabi/14.3.1/../../../../arm-none-eabi/lib/thumb/v7e-m+fp/hard\libc_nano.a(libc_a-lock.o)
 .ARM.attributes
                0x000008ff       0x34 C:/ST/STM32CubeIDE_2.1.1/STM32CubeIDE/plugins/com.st.stm32cube.ide.mcu.externaltools.gnu-tools-for-stm32.14.3.rel1.win32_1.0.100.202602081740/tools/bin/../lib/gcc/arm-none-eabi/14.3.1/../../../../arm-none-eabi/lib/thumb/v7e-m+fp/hard\libc_nano.a(libc_a-memcpy-stub.o)
 .ARM.attributes
                0x00000933       0x34 C:/ST/STM32CubeIDE_2.1.1/STM32CubeIDE/plugins/com.st.stm32cube.ide.mcu.externaltools.gnu-tools-for-stm32.14.3.rel1.win32_1.0.100.202602081740/tools/bin/../lib/gcc/arm-none-eabi/14.3.1/../../../../arm-none-eabi/lib/thumb/v7e-m+fp/hard\libc_nano.a(libc_a-freer.o)
 .ARM.attributes
                0x00000967       0x34 C:/ST/STM32CubeIDE_2.1.1/STM32CubeIDE/plugins/com.st.stm32cube.ide.mcu.externaltools.gnu-tools-for-stm32.14.3.rel1.win32_1.0.100.202602081740/tools/bin/../lib/gcc/arm-none-eabi/14.3.1/../../../../arm-none-eabi/lib/thumb/v7e-m+fp/hard\libc_nano.a(libc_a-mallocr.o)
 .ARM.attributes
                0x0000099b       0x34 C:/ST/STM32CubeIDE_2.1.1/STM32CubeIDE/plugins/com.st.stm32cube.ide.mcu.externaltools.gnu-tools-for-stm32.14.3.rel1.win32_1.0.100.202602081740/tools/bin/../lib/gcc/arm-none-eabi/14.3.1/../../../../arm-none-eabi/lib/thumb/v7e-m+fp/hard\libc_nano.a(libc_a-mlock.o)
 .ARM.attributes
                0x000009cf       0x34 C:/ST/STM32CubeIDE_2.1.1/STM32CubeIDE/plugins/com.st.stm32cube.ide.mcu.externaltools.gnu-tools-for-stm32.14.3.rel1.win32_1.0.100.202602081740/tools/bin/../lib/gcc/arm-none-eabi/14.3.1/../../../../arm-none-eabi/lib/thumb/v7e-m+fp/hard\libc_nano.a(libc_a-nano-vfprintf.o)
 .ARM.attributes
                0x00000a03       0x34 C:/ST/STM32CubeIDE_2.1.1/STM32CubeIDE/plugins/com.st.stm32cube.ide.mcu.externaltools.gnu-tools-for-stm32.14.3.rel1.win32_1.0.100.202602081740/tools/bin/../lib/gcc/arm-none-eabi/14.3.1/../../../../arm-none-eabi/lib/thumb/v7e-m+fp/hard\libc_nano.a(libc_a-nano-vfprintf_i.o)
 .ARM.attributes
                0x00000a37       0x34 C:/ST/STM32CubeIDE_2.1.1/STM32CubeIDE/plugins/com.st.stm32cube.ide.mcu.externaltools.gnu-tools-for-stm32.14.3.rel1.win32_1.0.100.202602081740/tools/bin/../lib/gcc/arm-none-eabi/14.3.1/../../../../arm-none-eabi/lib/thumb/v7e-m+fp/hard\libc_nano.a(libc_a-fflush.o)
 .ARM.attributes
                0x00000a6b       0x34 C:/ST/STM32CubeIDE_2.1.1/STM32CubeIDE/plugins/com.st.stm32cube.ide.mcu.externaltools.gnu-tools-for-stm32.14.3.rel1.win32_1.0.100.202602081740/tools/bin/../lib/gcc/arm-none-eabi/14.3.1/../../../../arm-none-eabi/lib/thumb/v7e-m+fp/hard\libc_nano.a(libc_a-makebuf.o)
 .ARM.attributes
                0x00000a9f       0x34 C:/ST/STM32CubeIDE_2.1.1/STM32CubeIDE/plugins/com.st.stm32cube.ide.mcu.externaltools.gnu-tools-for-stm32.14.3.rel1.win32_1.0.100.202602081740/tools/bin/../lib/gcc/arm-none-eabi/14.3.1/../../../../arm-none-eabi/lib/thumb/v7e-m+fp/hard\libc_nano.a(libc_a-putc.o)
 .ARM.attributes
                0x00000ad3       0x34 C:/ST/STM32CubeIDE_2.1.1/STM32CubeIDE/plugins/com.st.stm32cube.ide.mcu.externaltools.gnu-tools-for-stm32.14.3.rel1.win32_1.0.100.202602081740/tools/bin/../lib/gcc/arm-none-eabi/14.3.1/../../../../arm-none-eabi/lib/thumb/v7e-m+fp/hard\libc_nano.a(libc_a-fstatr.o)
 .ARM.attributes
                0x00000b07       0x34 C:/ST/STM32CubeIDE_2.1.1/STM32CubeIDE/plugins/com.st.stm32cube.ide.mcu.externaltools.gnu-tools-for-stm32.14.3.rel1.win32_1.0.100.202602081740/tools/bin/../lib/gcc/arm-none-eabi/14.3.1/../../../../arm-none-eabi/lib/thumb/v7e-m+fp/hard\libc_nano.a(libc_a-isattyr.o)
 .ARM.attributes
                0x00000b3b       0x34 C:/ST/STM32CubeIDE_2.1.1/STM32CubeIDE/plugins/com.st.stm32cube.ide.mcu.externaltools.gnu-tools-for-stm32.14.3.rel1.win32_1.0.100.202602081740/tools/bin/../lib/gcc/arm-none-eabi/14.3.1/../../../../arm-none-eabi/lib/thumb/v7e-m+fp/hard\libc_nano.a(libc_a-sbrkr.o)
 .ARM.attributes
                0x00000b6f       0x1c C:/ST/STM32CubeIDE_2.1.1/STM32CubeIDE/plugins/com.st.stm32cube.ide.mcu.externaltools.gnu-tools-for-stm32.14.3.rel1.win32_1.0.100.202602081740/tools/bin/../lib/gcc/arm-none-eabi/14.3.1/../../../../arm-none-eabi/lib/thumb/v7e-m+fp/hard\libc_nano.a(libc_a-memchr.o)
 .ARM.attributes
                0x00000b8b       0x22 C:/ST/STM32CubeIDE_2.1.1/STM32CubeIDE/plugins/com.st.stm32cube.ide.mcu.externaltools.gnu-tools-for-stm32.14.3.rel1.win32_1.0.100.202602081740/tools/bin/../lib/gcc/arm-none-eabi/14.3.1/thumb/v7e-m+fp/hard\libgcc.a(_aeabi_uldivmod.o)
 .ARM.attributes
                0x00000bad       0x34 C:/ST/STM32CubeIDE_2.1.1/STM32CubeIDE/plugins/com.st.stm32cube.ide.mcu.externaltools.gnu-tools-for-stm32.14.3.rel1.win32_1.0.100.202602081740/tools/bin/../lib/gcc/arm-none-eabi/14.3.1/thumb/v7e-m+fp/hard\libgcc.a(_udivmoddi4.o)
 .ARM.attributes
                0x00000be1       0x22 C:/ST/STM32CubeIDE_2.1.1/STM32CubeIDE/plugins/com.st.stm32cube.ide.mcu.externaltools.gnu-tools-for-stm32.14.3.rel1.win32_1.0.100.202602081740/tools/bin/../lib/gcc/arm-none-eabi/14.3.1/thumb/v7e-m+fp/hard\libgcc.a(_dvmd_tls.o)
 .ARM.attributes
                0x00000c03       0x22 C:/ST/STM32CubeIDE_2.1.1/STM32CubeIDE/plugins/com.st.stm32cube.ide.mcu.externaltools.gnu-tools-for-stm32.14.3.rel1.win32_1.0.100.202602081740/tools/bin/../lib/gcc/arm-none-eabi/14.3.1/thumb/v7e-m+fp/hard/crtn.o
OUTPUT(53L8A1_SimpleRanging.elf elf32-littlearm)
LOAD linker stubs
LOAD C:/ST/STM32CubeIDE_2.1.1/STM32CubeIDE/plugins/com.st.stm32cube.ide.mcu.externaltools.gnu-tools-for-stm32.14.3.rel1.win32_1.0.100.202602081740/tools/bin/../lib/gcc/arm-none-eabi/14.3.1/../../../../arm-none-eabi/lib/thumb/v7e-m+fp/hard\libc.a
LOAD C:/ST/STM32CubeIDE_2.1.1/STM32CubeIDE/plugins/com.st.stm32cube.ide.mcu.externaltools.gnu-tools-for-stm32.14.3.rel1.win32_1.0.100.202602081740/tools/bin/../lib/gcc/arm-none-eabi/14.3.1/../../../../arm-none-eabi/lib/thumb/v7e-m+fp/hard\libm.a
LOAD C:/ST/STM32CubeIDE_2.1.1/STM32CubeIDE/plugins/com.st.stm32cube.ide.mcu.externaltools.gnu-tools-for-stm32.14.3.rel1.win32_1.0.100.202602081740/tools/bin/../lib/gcc/arm-none-eabi/14.3.1/thumb/v7e-m+fp/hard\libgcc.a

.debug_line     0x00000000    0x1980d
 .debug_line    0x00000000       0x7a ./Application/Startup/startup_stm32f401retx.o
 .debug_line    0x0000007a     0x101a ./Application/User/app_tof.o
 .debug_line    0x00001094      0x857 ./Application/User/app_tof_pin_conf.o
 .debug_line    0x000018eb      0x9f0 ./Application/User/main.o
 .debug_line    0x000022db      0x8fe ./Application/User/stm32f4xx_hal_msp.o
 .debug_line    0x00002bd9      0x976 ./Application/User/stm32f4xx_it.o
 .debug_line    0x0000354f      0xb08 ./Application/User/stm32f4xx_nucleo.o
 .debug_line    0x00004057      0xb05 ./Application/User/stm32f4xx_nucleo_bus.o
 .debug_line    0x00004b5c      0x8b9 ./Application/User/syscalls.o
 .debug_line    0x00005415      0x595 ./Application/User/sysmem.o
 .debug_line    0x000059aa      0xe87 ./Drivers/BSP/53L8A1/53l8a1_ranging_sensor.o
 .debug_line    0x00006831      0x6fc ./Drivers/BSP/Components/platform.o
 .debug_line    0x00006f2d      0xd4f ./Drivers/BSP/Components/vl53l8cx.o
 .debug_line    0x00007c7c     0x18a4 ./Drivers/BSP/Components/vl53l8cx_api.o
 .debug_line    0x00009520      0x91d ./Drivers/BSP/Components/vl53l8cx_plugin_detection_thresholds.o
 .debug_line    0x00009e3d      0x8cf ./Drivers/CMSIS/system_stm32f4xx.o
 .debug_line    0x0000a70c      0xb02 ./Drivers/STM32F4xx_HAL_Driver/stm32f4xx_hal.o
 .debug_line    0x0000b20e      0xdcd ./Drivers/STM32F4xx_HAL_Driver/stm32f4xx_hal_cortex.o
 .debug_line    0x0000bfdb      0xb07 ./Drivers/STM32F4xx_HAL_Driver/stm32f4xx_hal_exti.o
 .debug_line    0x0000cae2      0xc18 ./Drivers/STM32F4xx_HAL_Driver/stm32f4xx_hal_gpio.o
 .debug_line    0x0000d6fa     0x3bb1 ./Drivers/STM32F4xx_HAL_Driver/stm32f4xx_hal_i2c.o
 .debug_line    0x000112ab      0xf0e ./Drivers/STM32F4xx_HAL_Driver/stm32f4xx_hal_rcc.o
 .debug_line    0x000121b9     0x364c ./Drivers/STM32F4xx_HAL_Driver/stm32f4xx_hal_tim.o
 .debug_line    0x00015805     0x19fa ./Drivers/STM32F4xx_HAL_Driver/stm32f4xx_hal_tim_ex.o
 .debug_line    0x000171ff     0x260e ./Drivers/STM32F4xx_HAL_Driver/stm32f4xx_hal_uart.o

.debug_line_str
                0x00000000       0xcd
 .debug_line_str
                0x00000000       0xcd ./Application/Startup/startup_stm32f401retx.o

.debug_info     0x00000000    0x15244
 .debug_info    0x00000000       0x30 ./Application/Startup/startup_stm32f401retx.o
 .debug_info    0x00000030      0xfd7 ./Application/User/app_tof.o
 .debug_info    0x00001007       0xdb ./Application/User/app_tof_pin_conf.o
 .debug_info    0x000010e2     0x107b ./Application/User/main.o
 .debug_info    0x0000215d      0xa42 ./Application/User/stm32f4xx_hal_msp.o
 .debug_info    0x00002b9f      0x1ef ./Application/User/stm32f4xx_it.o
 .debug_info    0x00002d8e     0x10a3 ./Application/User/stm32f4xx_nucleo.o
 .debug_info    0x00003e31      0xdfa ./Application/User/stm32f4xx_nucleo_bus.o
 .debug_info    0x00004c2b      0x6a3 ./Application/User/syscalls.o
 .debug_info    0x000052ce      0x168 ./Application/User/sysmem.o
 .debug_info    0x00005436      0xfd4 ./Drivers/BSP/53L8A1/53l8a1_ranging_sensor.o
 .debug_info    0x0000640a      0x335 ./Drivers/BSP/Components/platform.o
 .debug_info    0x0000673f     0x1199 ./Drivers/BSP/Components/vl53l8cx.o
 .debug_info    0x000078d8     0x1291 ./Drivers/BSP/Components/vl53l8cx_api.o
 .debug_info    0x00008b69      0x519 ./Drivers/BSP/Components/vl53l8cx_plugin_detection_thresholds.o
 .debug_info    0x00009082      0x53e ./Drivers/CMSIS/system_stm32f4xx.o
 .debug_info    0x000095c0      0x8bb ./Drivers/STM32F4xx_HAL_Driver/stm32f4xx_hal.o
 .debug_info    0x00009e7b      0xcf6 ./Drivers/STM32F4xx_HAL_Driver/stm32f4xx_hal_cortex.o
 .debug_info    0x0000ab71      0x503 ./Drivers/STM32F4xx_HAL_Driver/stm32f4xx_hal_exti.o
 .debug_info    0x0000b074      0x6f9 ./Drivers/STM32F4xx_HAL_Driver/stm32f4xx_hal_gpio.o
 .debug_info    0x0000b76d     0x2426 ./Drivers/STM32F4xx_HAL_Driver/stm32f4xx_hal_i2c.o
 .debug_info    0x0000db93      0x8f1 ./Drivers/STM32F4xx_HAL_Driver/stm32f4xx_hal_rcc.o
 .debug_info    0x0000e484     0x2996 ./Drivers/STM32F4xx_HAL_Driver/stm32f4xx_hal_tim.o
 .debug_info    0x00010e1a     0x14d4 ./Drivers/STM32F4xx_HAL_Driver/stm32f4xx_hal_tim_ex.o
 .debug_info    0x000122ee     0x2f56 ./Drivers/STM32F4xx_HAL_Driver/stm32f4xx_hal_uart.o

.debug_abbrev   0x00000000     0x33d3
 .debug_abbrev  0x00000000       0x24 ./Application/Startup/startup_stm32f401retx.o
 .debug_abbrev  0x00000024      0x316 ./Application/User/app_tof.o
 .debug_abbrev  0x0000033a       0x7f ./Application/User/app_tof_pin_conf.o
 .debug_abbrev  0x000003b9      0x276 ./Application/User/main.o
 .debug_abbrev  0x0000062f      0x1d0 ./Application/User/stm32f4xx_hal_msp.o
 .debug_abbrev  0x000007ff      0x128 ./Application/User/stm32f4xx_it.o
 .debug_abbrev  0x00000927      0x365 ./Application/User/stm32f4xx_nucleo.o
 .debug_abbrev  0x00000c8c      0x2b5 ./Application/User/stm32f4xx_nucleo_bus.o
 .debug_abbrev  0x00000f41      0x1b6 ./Application/User/syscalls.o
 .debug_abbrev  0x000010f7       0xbc ./Application/User/sysmem.o
 .debug_abbrev  0x000011b3      0x264 ./Drivers/BSP/53L8A1/53l8a1_ranging_sensor.o
 .debug_abbrev  0x00001417      0x10c ./Drivers/BSP/Components/platform.o
 .debug_abbrev  0x00001523      0x2b1 ./Drivers/BSP/Components/vl53l8cx.o
 .debug_abbrev  0x000017d4      0x2c3 ./Drivers/BSP/Components/vl53l8cx_api.o
 .debug_abbrev  0x00001a97      0x168 ./Drivers/BSP/Components/vl53l8cx_plugin_detection_thresholds.o
 .debug_abbrev  0x00001bff      0x11a ./Drivers/CMSIS/system_stm32f4xx.o
 .debug_abbrev  0x00001d19      0x24b ./Drivers/STM32F4xx_HAL_Driver/stm32f4xx_hal.o
 .debug_abbrev  0x00001f64      0x31d ./Drivers/STM32F4xx_HAL_Driver/stm32f4xx_hal_cortex.o
 .debug_abbrev  0x00002281      0x1d1 ./Drivers/STM32F4xx_HAL_Driver/stm32f4xx_hal_exti.o
 .debug_abbrev  0x00002452      0x1d3 ./Drivers/STM32F4xx_HAL_Driver/stm32f4xx_hal_gpio.o
 .debug_abbrev  0x00002625      0x2bc ./Drivers/STM32F4xx_HAL_Driver/stm32f4xx_hal_i2c.o
 .debug_abbrev  0x000028e1      0x2b6 ./Drivers/STM32F4xx_HAL_Driver/stm32f4xx_hal_rcc.o
 .debug_abbrev  0x00002b97      0x28b ./Drivers/STM32F4xx_HAL_Driver/stm32f4xx_hal_tim.o
 .debug_abbrev  0x00002e22      0x296 ./Drivers/STM32F4xx_HAL_Driver/stm32f4xx_hal_tim_ex.o
 .debug_abbrev  0x000030b8      0x31b ./Drivers/STM32F4xx_HAL_Driver/stm32f4xx_hal_uart.o

.debug_aranges  0x00000000     0x13e8
 .debug_aranges
                0x00000000       0x28 ./Application/Startup/startup_stm32f401retx.o
 .debug_aranges
                0x00000028       0x80 ./Application/User/app_tof.o
 .debug_aranges