C:/Users/13GEN/STM32Cube/Repository/Packs/STMicroelectronics/X-CUBE-TOF1/3.4.3/Projects/NUCLEO-F401RE/Examples/53L8A1/VL53L8A1_Buzzer_Assistance/Src/app_tof.c:65:6:MX_TOF_Init	8	static
C:/Users/13GEN/STM32Cube/Repository/Packs/STMicroelectronics/X-CUBE-TOF1/3.4.3/Projects/NUCLEO-F401RE/Examples/53L8A1/VL53L8A1_Buzzer_Assistance/Src/app_tof.c:87:6:MX_TOF_Process	8	static
C:/Users/13GEN/STM32Cube/Repository/Packs/STMicroelectronics/X-CUBE-TOF1/3.4.3/Projects/NUCLEO-F401RE/Examples/53L8A1/VL53L8A1_Buzzer_Assistance/Src/app_tof.c:100:13:MX_53L8A1_SimpleRanging_Init	8	static
C:/Users/13GEN/STM32Cube/Repository/Packs/STMicroelectronics/X-CUBE-TOF1/3.4.3/Projects/NUCLEO-F401RE/Examples/53L8A1/VL53L8A1_Buzzer_Assistance/Src/app_tof.c:131:13:MX_53L8A1_SimpleRanging_Process	24	static
C:/Users/13GEN/STM32Cube/Repository/Packs/STMicroelectronics/X-CUBE-TOF1/3.4.3/Projects/NUCLEO-F401RE/Examples/53L8A1/VL53L8A1_Buzzer_Assistance/Src/app_tof.c:229:13:print_result	32	static
C:/Users/13GEN/STM32Cube/Repository/Packs/STMicroelectronics/X-CUBE-TOF1/3.4.3/Projects/NUCLEO-F401RE/Examples/53L8A1/VL53L8A1_Buzzer_Assistance/Src/app_tof.c:318:13:toggle_resolution	8	static
C:/Users/13GEN/STM32Cube/Repository/Packs/STMicroelectronics/X-CUBE-TOF1/3.4.3/Projects/NUCLEO-F401RE/Examples/53L8A1/VL53L8A1_Buzzer_Assistance/Src/app_tof.c:348:13:toggle_signal_and_ambient	8	static
C:/Users/13GEN/STM32Cube/Repository/Packs/STMicroelectronics/X-CUBE-TOF1/3.4.3/Projects/NUCLEO-F401RE/Examples/53L8A1/VL53L8A1_Buzzer_Assistance/Src/app_tof.c:359:13:clear_screen	8	static
C:/Users/13GEN/STM32Cube/Repository/Packs/STMicroelectronics/X-CUBE-TOF1/3.4.3/Projects/NUCLEO-F401RE/Examples/53L8A1/VL53L8A1_Buzzer_Assistance/Src/app_tof.c:364:13:display_commands_banner	8	static
C:/Users/13GEN/STM32Cube/Repository/Packs/STMicroelectronics/X-CUBE-TOF1/3.4.3/Projects/NUCLEO-F401RE/Examples/53L8A1/VL53L8A1_Buzzer_Assistance/Src/app_tof.c:379:13:handle_cmd	16	static
C:/Users/13GEN/STM32Cube/Repository/Packs/STMicroelectronics/X-CUBE-TOF1/3.4.3/Projects/NUCLEO-F401RE/Examples/53L8A1/VL53L8A1_Buzzer_Assistance/Src/app_tof.c:402:16:get_key	16	static
C:/Users/13GEN/STM32Cube/Repository/Packs/STMicroelectronics/X-CUBE-TOF1/3.4.3/Projects/NUCLEO-F401RE/Examples/53L8A1/VL53L8A1_Buzzer_Assistance/Src/app_tof.c:411:17:com_has_data	4	static
C:/Users/13GEN/STM32Cube/Repository/Packs/STMicroelectronics/X-CUBE-TOF1/3.4.3/Projects/NUCLEO-F401RE/Examples/53L8A1/VL53L8A1_Buzzer_Assistance/Src/app_tof.c:416:6:BSP_PB_Callback	16	static
