C:/Users/13GEN/STM32Cube/Repository/Packs/STMicroelectronics/X-CUBE-TOF1/3.4.3/Projects/NUCLEO-F401RE/Examples/53L8A1/VL53L8A1_Buzzer_Assistance/Src/app_tof.c:121:6:MX_TOF_Init	8	static
C:/Users/13GEN/STM32Cube/Repository/Packs/STMicroelectronics/X-CUBE-TOF1/3.4.3/Projects/NUCLEO-F401RE/Examples/53L8A1/VL53L8A1_Buzzer_Assistance/Src/app_tof.c:130:6:MX_TOF_Process	8	static
C:/Users/13GEN/STM32Cube/Repository/Packs/STMicroelectronics/X-CUBE-TOF1/3.4.3/Projects/NUCLEO-F401RE/Examples/53L8A1/VL53L8A1_Buzzer_Assistance/Src/app_tof.c:138:13:MX_53L8A1_SimpleRanging_Init	8	static
C:/Users/13GEN/STM32Cube/Repository/Packs/STMicroelectronics/X-CUBE-TOF1/3.4.3/Projects/NUCLEO-F401RE/Examples/53L8A1/VL53L8A1_Buzzer_Assistance/Src/app_tof.c:178:13:UART_StartReceive_IT	8	static
C:/Users/13GEN/STM32Cube/Repository/Packs/STMicroelectronics/X-CUBE-TOF1/3.4.3/Projects/NUCLEO-F401RE/Examples/53L8A1/VL53L8A1_Buzzer_Assistance/Src/app_tof.c:199:6:HAL_UART_RxCpltCallback	24	static
C:/Users/13GEN/STM32Cube/Repository/Packs/STMicroelectronics/X-CUBE-TOF1/3.4.3/Projects/NUCLEO-F401RE/Examples/53L8A1/VL53L8A1_Buzzer_Assistance/Src/app_tof.c:236:6:HAL_UART_ErrorCallback	32	static
C:/Users/13GEN/STM32Cube/Repository/Packs/STMicroelectronics/X-CUBE-TOF1/3.4.3/Projects/NUCLEO-F401RE/Examples/53L8A1/VL53L8A1_Buzzer_Assistance/Src/app_tof.c:258:13:MX_53L8A1_SimpleRanging_Process	24	static
C:/Users/13GEN/STM32Cube/Repository/Packs/STMicroelectronics/X-CUBE-TOF1/3.4.3/Projects/NUCLEO-F401RE/Examples/53L8A1/VL53L8A1_Buzzer_Assistance/Src/app_tof.c:368:13:Process_GUI_Line	16	static
C:/Users/13GEN/STM32Cube/Repository/Packs/STMicroelectronics/X-CUBE-TOF1/3.4.3/Projects/NUCLEO-F401RE/Examples/53L8A1/VL53L8A1_Buzzer_Assistance/Src/app_tof.c:397:13:Apply_Thresholds	160	static
C:/Users/13GEN/STM32Cube/Repository/Packs/STMicroelectronics/X-CUBE-TOF1/3.4.3/Projects/NUCLEO-F401RE/Examples/53L8A1/VL53L8A1_Buzzer_Assistance/Src/app_tof.c:446:13:Parse_Sensor_Config	120	static
C:/Users/13GEN/STM32Cube/Repository/Packs/STMicroelectronics/X-CUBE-TOF1/3.4.3/Projects/NUCLEO-F401RE/Examples/53L8A1/VL53L8A1_Buzzer_Assistance/Src/app_tof.c:502:13:Apply_Pending_Sensor_Config	8	static
C:/Users/13GEN/STM32Cube/Repository/Packs/STMicroelectronics/X-CUBE-TOF1/3.4.3/Projects/NUCLEO-F401RE/Examples/53L8A1/VL53L8A1_Buzzer_Assistance/Src/app_tof.c:530:13:Send_GUI_Data	32	static
C:/Users/13GEN/STM32Cube/Repository/Packs/STMicroelectronics/X-CUBE-TOF1/3.4.3/Projects/NUCLEO-F401RE/Examples/53L8A1/VL53L8A1_Buzzer_Assistance/Src/app_tof.c:569:13:print_result	32	static
C:/Users/13GEN/STM32Cube/Repository/Packs/STMicroelectronics/X-CUBE-TOF1/3.4.3/Projects/NUCLEO-F401RE/Examples/53L8A1/VL53L8A1_Buzzer_Assistance/Src/app_tof.c:649:13:toggle_resolution	8	static
C:/Users/13GEN/STM32Cube/Repository/Packs/STMicroelectronics/X-CUBE-TOF1/3.4.3/Projects/NUCLEO-F401RE/Examples/53L8A1/VL53L8A1_Buzzer_Assistance/Src/app_tof.c:671:13:toggle_signal_and_ambient	8	static
C:/Users/13GEN/STM32Cube/Repository/Packs/STMicroelectronics/X-CUBE-TOF1/3.4.3/Projects/NUCLEO-F401RE/Examples/53L8A1/VL53L8A1_Buzzer_Assistance/Src/app_tof.c:681:13:clear_screen	8	static
C:/Users/13GEN/STM32Cube/Repository/Packs/STMicroelectronics/X-CUBE-TOF1/3.4.3/Projects/NUCLEO-F401RE/Examples/53L8A1/VL53L8A1_Buzzer_Assistance/Src/app_tof.c:686:13:display_commands_banner	8	static
C:/Users/13GEN/STM32Cube/Repository/Packs/STMicroelectronics/X-CUBE-TOF1/3.4.3/Projects/NUCLEO-F401RE/Examples/53L8A1/VL53L8A1_Buzzer_Assistance/Src/app_tof.c:698:13:handle_cmd	16	static
C:/Users/13GEN/STM32Cube/Repository/Packs/STMicroelectronics/X-CUBE-TOF1/3.4.3/Projects/NUCLEO-F401RE/Examples/53L8A1/VL53L8A1_Buzzer_Assistance/Src/app_tof.c:712:16:get_key	16	static
C:/Users/13GEN/STM32Cube/Repository/Packs/STMicroelectronics/X-CUBE-TOF1/3.4.3/Projects/NUCLEO-F401RE/Examples/53L8A1/VL53L8A1_Buzzer_Assistance/Src/app_tof.c:719:17:com_has_data	4	static
C:/Users/13GEN/STM32Cube/Repository/Packs/STMicroelectronics/X-CUBE-TOF1/3.4.3/Projects/NUCLEO-F401RE/Examples/53L8A1/VL53L8A1_Buzzer_Assistance/Src/app_tof.c:724:6:BSP_PB_Callback	16	static
