C:/Users/13GEN/STM32Cube/Repository/Packs/STMicroelectronics/X-CUBE-TOF1/3.4.3/Projects/NUCLEO-F401RE/Examples/53L8A1/VL53L8A1_Buzzer_Assistance/Src/main.c:57:5:main	8	static
C:/Users/13GEN/STM32Cube/Repository/Packs/STMicroelectronics/X-CUBE-TOF1/3.4.3/Projects/NUCLEO-F401RE/Examples/53L8A1/VL53L8A1_Buzzer_Assistance/Src/main.c:105:6:SystemClock_Config	88	static
C:/Users/13GEN/STM32Cube/Repository/Packs/STMicroelectronics/X-CUBE-TOF1/3.4.3/Projects/NUCLEO-F401RE/Examples/53L8A1/VL53L8A1_Buzzer_Assistance/Src/main.c:152:13:MX_TIM2_Init	64	static
C:/Users/13GEN/STM32Cube/Repository/Packs/STMicroelectronics/X-CUBE-TOF1/3.4.3/Projects/NUCLEO-F401RE/Examples/53L8A1/VL53L8A1_Buzzer_Assistance/Src/main.c:211:13:MX_GPIO_Init	48	static
C:/Users/13GEN/STM32Cube/Repository/Packs/STMicroelectronics/X-CUBE-TOF1/3.4.3/Projects/NUCLEO-F401RE/Examples/53L8A1/VL53L8A1_Buzzer_Assistance/Src/main.c:273:6:Error_Handler	4	static,ignoring_inline_asm
